[0.220s] DEBUG:colcon:Command line arguments: ['/usr/bin/colcon', 'build', '--symlink-install', '--packages-select', 'silla_ruedas']
[0.220s] DEBUG:colcon:Parsed command line arguments: Namespace(log_base=None, log_level=None, verb_name='build', build_base='build', install_base='install', merge_install=False, symlink_install=True, test_result_base=None, continue_on_error=False, executor='parallel', parallel_workers=16, event_handlers=None, ignore_user_meta=False, metas=['./colcon.meta'], base_paths=['.'], packages_ignore=None, packages_ignore_regex=None, paths=None, packages_up_to=None, packages_up_to_regex=None, packages_above=None, packages_above_and_dependencies=None, packages_above_depth=None, packages_select_by_dep=None, packages_skip_by_dep=None, packages_skip_up_to=None, packages_select_build_failed=False, packages_skip_build_finished=False, packages_select_test_failures=False, packages_skip_test_passed=False, packages_select=['silla_ruedas'], packages_skip=None, packages_select_regex=None, packages_skip_regex=None, packages_start=None, packages_end=None, cmake_args=None, cmake_target=None, cmake_target_skip_unavailable=False, cmake_clean_cache=False, cmake_clean_first=False, cmake_force_configure=False, ament_cmake_args=None, catkin_cmake_args=None, catkin_skip_building_tests=False, verb_parser=<colcon_defaults.argument_parser.defaults.DefaultArgumentsDecorator object at 0x76f39371c5c0>, verb_extension=<colcon_core.verb.build.BuildVerb object at 0x76f39371d130>, main=<bound method BuildVerb.main of <colcon_core.verb.build.BuildVerb object at 0x76f39371d130>>)
[0.303s] Level 1:colcon.colcon_core.package_discovery:discover_packages(colcon_meta) check parameters
[0.304s] Level 1:colcon.colcon_core.package_discovery:discover_packages(recursive) check parameters
[0.304s] Level 1:colcon.colcon_core.package_discovery:discover_packages(ignore) check parameters
[0.304s] Level 1:colcon.colcon_core.package_discovery:discover_packages(path) check parameters
[0.304s] Level 1:colcon.colcon_core.package_discovery:discover_packages(colcon_meta) discover
[0.304s] Level 1:colcon.colcon_core.package_discovery:discover_packages(recursive) discover
[0.304s] INFO:colcon.colcon_core.package_discovery:Crawling recursively for packages in '/home/renzofr/Proyecto_silla/wheel_ws'
[0.304s] Level 1:colcon.colcon_core.package_identification:_identify(.) by extensions ['ignore', 'ignore_ament_install']
[0.305s] Level 1:colcon.colcon_core.package_identification:_identify(.) by extension 'ignore'
[0.305s] Level 1:colcon.colcon_core.package_identification:_identify(.) by extension 'ignore_ament_install'
[0.305s] Level 1:colcon.colcon_core.package_identification:_identify(.) by extensions ['colcon_pkg']
[0.305s] Level 1:colcon.colcon_core.package_identification:_identify(.) by extension 'colcon_pkg'
[0.305s] Level 1:colcon.colcon_core.package_identification:_identify(.) by extensions ['colcon_meta']
[0.305s] Level 1:colcon.colcon_core.package_identification:_identify(.) by extension 'colcon_meta'
[0.305s] Level 1:colcon.colcon_core.package_identification:_identify(.) by extensions ['ros']
[0.305s] Level 1:colcon.colcon_core.package_identification:_identify(.) by extension 'ros'
[0.359s] Level 1:colcon.colcon_core.package_identification:_identify(.) by extensions ['cmake', 'python']
[0.359s] Level 1:colcon.colcon_core.package_identification:_identify(.) by extension 'cmake'
[0.360s] Level 1:colcon.colcon_core.package_identification:_identify(.) by extension 'python'
[0.360s] Level 1:colcon.colcon_core.package_identification:_identify(.) by extensions ['python_setup_py']
[0.360s] Level 1:colcon.colcon_core.package_identification:_identify(.) by extension 'python_setup_py'
[0.360s] Level 1:colcon.colcon_core.package_identification:_identify(build) by extensions ['ignore', 'ignore_ament_install']
[0.360s] Level 1:colcon.colcon_core.package_identification:_identify(build) by extension 'ignore'
[0.360s] Level 1:colcon.colcon_core.package_identification:_identify(build) ignored
[0.361s] Level 1:colcon.colcon_core.package_identification:_identify(install) by extensions ['ignore', 'ignore_ament_install']
[0.361s] Level 1:colcon.colcon_core.package_identification:_identify(install) by extension 'ignore'
[0.361s] Level 1:colcon.colcon_core.package_identification:_identify(install) ignored
[0.361s] Level 1:colcon.colcon_core.package_identification:_identify(log) by extensions ['ignore', 'ignore_ament_install']
[0.361s] Level 1:colcon.colcon_core.package_identification:_identify(log) by extension 'ignore'
[0.361s] Level 1:colcon.colcon_core.package_identification:_identify(log) ignored
[0.362s] Level 1:colcon.colcon_core.package_identification:_identify(src) by extensions ['ignore', 'ignore_ament_install']
[0.362s] Level 1:colcon.colcon_core.package_identification:_identify(src) by extension 'ignore'
[0.362s] Level 1:colcon.colcon_core.package_identification:_identify(src) by extension 'ignore_ament_install'
[0.362s] Level 1:colcon.colcon_core.package_identification:_identify(src) by extensions ['colcon_pkg']
[0.362s] Level 1:colcon.colcon_core.package_identification:_identify(src) by extension 'colcon_pkg'
[0.362s] Level 1:colcon.colcon_core.package_identification:_identify(src) by extensions ['colcon_meta']
[0.362s] Level 1:colcon.colcon_core.package_identification:_identify(src) by extension 'colcon_meta'
[0.362s] Level 1:colcon.colcon_core.package_identification:_identify(src) by extensions ['ros']
[0.362s] Level 1:colcon.colcon_core.package_identification:_identify(src) by extension 'ros'
[0.363s] Level 1:colcon.colcon_core.package_identification:_identify(src) by extensions ['cmake', 'python']
[0.363s] Level 1:colcon.colcon_core.package_identification:_identify(src) by extension 'cmake'
[0.363s] Level 1:colcon.colcon_core.package_identification:_identify(src) by extension 'python'
[0.363s] Level 1:colcon.colcon_core.package_identification:_identify(src) by extensions ['python_setup_py']
[0.363s] Level 1:colcon.colcon_core.package_identification:_identify(src) by extension 'python_setup_py'
[0.363s] Level 1:colcon.colcon_core.package_identification:_identify(src/Silla_ruedas) by extensions ['ignore', 'ignore_ament_install']
[0.363s] Level 1:colcon.colcon_core.package_identification:_identify(src/Silla_ruedas) by extension 'ignore'
[0.364s] Level 1:colcon.colcon_core.package_identification:_identify(src/Silla_ruedas) by extension 'ignore_ament_install'
[0.364s] Level 1:colcon.colcon_core.package_identification:_identify(src/Silla_ruedas) by extensions ['colcon_pkg']
[0.364s] Level 1:colcon.colcon_core.package_identification:_identify(src/Silla_ruedas) by extension 'colcon_pkg'
[0.364s] Level 1:colcon.colcon_core.package_identification:_identify(src/Silla_ruedas) by extensions ['colcon_meta']
[0.364s] Level 1:colcon.colcon_core.package_identification:_identify(src/Silla_ruedas) by extension 'colcon_meta'
[0.364s] Level 1:colcon.colcon_core.package_identification:_identify(src/Silla_ruedas) by extensions ['ros']
[0.364s] Level 1:colcon.colcon_core.package_identification:_identify(src/Silla_ruedas) by extension 'ros'
[0.371s] DEBUG:colcon.colcon_core.package_identification:Package 'src/Silla_ruedas' with type 'ros.ament_python' and name 'silla_ruedas'
[0.371s] Level 1:colcon.colcon_core.package_discovery:discover_packages(recursive) using defaults
[0.371s] Level 1:colcon.colcon_core.package_discovery:discover_packages(ignore) discover
[0.371s] Level 1:colcon.colcon_core.package_discovery:discover_packages(ignore) using defaults
[0.371s] Level 1:colcon.colcon_core.package_discovery:discover_packages(path) discover
[0.372s] Level 1:colcon.colcon_core.package_discovery:discover_packages(path) using defaults
[0.413s] Level 5:colcon.colcon_core.verb:set package 'silla_ruedas' build argument 'cmake_args' from command line to 'None'
[0.413s] Level 5:colcon.colcon_core.verb:set package 'silla_ruedas' build argument 'cmake_target' from command line to 'None'
[0.413s] Level 5:colcon.colcon_core.verb:set package 'silla_ruedas' build argument 'cmake_target_skip_unavailable' from command line to 'False'
[0.414s] Level 5:colcon.colcon_core.verb:set package 'silla_ruedas' build argument 'cmake_clean_cache' from command line to 'False'
[0.414s] Level 5:colcon.colcon_core.verb:set package 'silla_ruedas' build argument 'cmake_clean_first' from command line to 'False'
[0.414s] Level 5:colcon.colcon_core.verb:set package 'silla_ruedas' build argument 'cmake_force_configure' from command line to 'False'
[0.414s] Level 5:colcon.colcon_core.verb:set package 'silla_ruedas' build argument 'ament_cmake_args' from command line to 'None'
[0.414s] Level 5:colcon.colcon_core.verb:set package 'silla_ruedas' build argument 'catkin_cmake_args' from command line to 'None'
[0.414s] Level 5:colcon.colcon_core.verb:set package 'silla_ruedas' build argument 'catkin_skip_building_tests' from command line to 'False'
[0.414s] DEBUG:colcon.colcon_core.verb:Building package 'silla_ruedas' with the following arguments: {'ament_cmake_args': None, 'build_base': '/home/renzofr/Proyecto_silla/wheel_ws/build/silla_ruedas', 'catkin_cmake_args': None, 'catkin_skip_building_tests': False, 'cmake_args': None, 'cmake_clean_cache': False, 'cmake_clean_first': False, 'cmake_force_configure': False, 'cmake_target': None, 'cmake_target_skip_unavailable': False, 'install_base': '/home/renzofr/Proyecto_silla/wheel_ws/install/silla_ruedas', 'merge_install': False, 'path': '/home/renzofr/Proyecto_silla/wheel_ws/src/Silla_ruedas', 'symlink_install': True, 'test_result_base': None}
[0.414s] INFO:colcon.colcon_core.executor:Executing jobs using 'parallel' executor
[0.415s] DEBUG:colcon.colcon_parallel_executor.executor.parallel:run_until_complete
[0.416s] INFO:colcon.colcon_ros.task.ament_python.build:Building ROS package in '/home/renzofr/Proyecto_silla/wheel_ws/src/Silla_ruedas' with build type 'ament_python'
[0.416s] Level 1:colcon.colcon_core.shell:create_environment_hook('silla_ruedas', 'ament_prefix_path')
[0.420s] INFO:colcon.colcon_core.plugin_system:Skipping extension 'colcon_core.shell.bat': Not used on non-Windows systems
[0.421s] INFO:colcon.colcon_core.shell:Creating environment descriptor '/home/renzofr/Proyecto_silla/wheel_ws/install/silla_ruedas/share/silla_ruedas/hook/ament_prefix_path.dsv'
[0.422s] INFO:colcon.colcon_core.shell:Creating environment hook '/home/renzofr/Proyecto_silla/wheel_ws/install/silla_ruedas/share/silla_ruedas/hook/ament_prefix_path.sh'
[0.424s] DEBUG:colcon.colcon_core.shell:Skip shell extension 'dsv' for command environment
[0.992s] INFO:colcon.colcon_core.task.python.build:Building Python package in '/home/renzofr/Proyecto_silla/wheel_ws/src/Silla_ruedas'
[0.993s] DEBUG:colcon.colcon_core.shell:Skip shell extension 'dsv' for command environment
[2.518s] DEBUG:colcon.colcon_core.task.python.build:Available setuptools commands: saveopts, register, build_scripts, init_catalog, install, install_headers, bdist_dumb, alias, build_clib, compile_catalog, install_lib, editable_wheel, update_catalog, clean, setopt, build_ext, check, bdist, develop, install_egg_info, install_data, upload_docs, test, build_py, easy_install, upload, bdist_wheel, rotate, build, install_scripts, bdist_rpm, dist_info, bdist_egg, egg_info, extract_messages, sdist, symlink_data
[3.357s] DEBUG:colcon.colcon_core.task.python.build:Available setuptools 'develop' options: --force-installation-into-system-dir, --exclude-scripts, --verbose, --site-dirs, --version, --quiet, --upgrade, --record, --user, --prefix, --multi-version, --zip-ok, --find-links, --no-deps, --uninstall, --install-layout, --index-url, --optimize, --no-find-links, --egg-path, --build-directory, --dry-run, --install-dir, --editable, --help, --allow-hosts, --script-dir, --always-unzip, --no-user-cfg, --always-copy, --local-snapshots-ok
[3.366s] DEBUG:colcon.colcon_core.event_handler.log_command:Invoking command in '/home/renzofr/Proyecto_silla/wheel_ws/build/silla_ruedas': DEBUGINFOD_URLS=https://debuginfod.ubuntu.com PYTHONPATH=/home/renzofr/Proyecto_silla/wheel_ws/build/silla_ruedas/prefix_override:/usr/lib/python3/dist-packages/colcon_core/task/python/colcon_distutils_commands:/home/renzofr/Proyecto_silla/wheel_ws/install/silla_ruedas/lib/python3.12/site-packages:${PYTHONPATH} /usr/bin/python3 -W ignore:setup.py install is deprecated -W ignore:easy_install command is deprecated setup.py develop --editable --build-directory /home/renzofr/Proyecto_silla/wheel_ws/build/silla_ruedas/build --no-deps symlink_data
[4.954s] Level 1:colcon.colcon_core.shell:create_environment_hook('silla_ruedas', 'pythonpath_develop')
[4.955s] INFO:colcon.colcon_core.shell:Creating environment descriptor '/home/renzofr/Proyecto_silla/wheel_ws/build/silla_ruedas/share/silla_ruedas/hook/pythonpath_develop.dsv'
[4.956s] DEBUG:colcon.colcon_core.event_handler.log_command:Invoked command in '/home/renzofr/Proyecto_silla/wheel_ws/build/silla_ruedas' returned '0': DEBUGINFOD_URLS=https://debuginfod.ubuntu.com PYTHONPATH=/home/renzofr/Proyecto_silla/wheel_ws/build/silla_ruedas/prefix_override:/usr/lib/python3/dist-packages/colcon_core/task/python/colcon_distutils_commands:/home/renzofr/Proyecto_silla/wheel_ws/install/silla_ruedas/lib/python3.12/site-packages:${PYTHONPATH} /usr/bin/python3 -W ignore:setup.py install is deprecated -W ignore:easy_install command is deprecated setup.py develop --editable --build-directory /home/renzofr/Proyecto_silla/wheel_ws/build/silla_ruedas/build --no-deps symlink_data
[4.957s] INFO:colcon.colcon_core.shell:Creating environment hook '/home/renzofr/Proyecto_silla/wheel_ws/build/silla_ruedas/share/silla_ruedas/hook/pythonpath_develop.sh'
[4.965s] Level 1:colcon.colcon_core.environment:checking '/home/renzofr/Proyecto_silla/wheel_ws/install/silla_ruedas' for CMake module files
[4.966s] Level 1:colcon.colcon_core.environment:checking '/home/renzofr/Proyecto_silla/wheel_ws/install/silla_ruedas' for CMake config files
[4.968s] Level 1:colcon.colcon_core.environment:checking '/home/renzofr/Proyecto_silla/wheel_ws/install/silla_ruedas/lib'
[4.968s] Level 1:colcon.colcon_core.environment:checking '/home/renzofr/Proyecto_silla/wheel_ws/install/silla_ruedas/bin'
[4.968s] Level 1:colcon.colcon_core.environment:checking '/home/renzofr/Proyecto_silla/wheel_ws/install/silla_ruedas/lib/pkgconfig/silla_ruedas.pc'
[4.969s] Level 1:colcon.colcon_core.environment:checking '/home/renzofr/Proyecto_silla/wheel_ws/install/silla_ruedas/lib/python3.12/site-packages'
[4.969s] Level 1:colcon.colcon_core.shell:create_environment_hook('silla_ruedas', 'pythonpath')
[4.970s] INFO:colcon.colcon_core.shell:Creating environment descriptor '/home/renzofr/Proyecto_silla/wheel_ws/install/silla_ruedas/share/silla_ruedas/hook/pythonpath.dsv'
[4.970s] INFO:colcon.colcon_core.shell:Creating environment hook '/home/renzofr/Proyecto_silla/wheel_ws/install/silla_ruedas/share/silla_ruedas/hook/pythonpath.sh'
[4.972s] Level 1:colcon.colcon_core.environment:checking '/home/renzofr/Proyecto_silla/wheel_ws/install/silla_ruedas/bin'
[4.972s] Level 1:colcon.colcon_core.environment:create_environment_scripts_only(silla_ruedas)
[4.973s] INFO:colcon.colcon_core.shell:Creating package descriptor '/home/renzofr/Proyecto_silla/wheel_ws/install/silla_ruedas/share/silla_ruedas/package.dsv'
[4.975s] INFO:colcon.colcon_core.shell:Creating package script '/home/renzofr/Proyecto_silla/wheel_ws/install/silla_ruedas/share/silla_ruedas/package.sh'
[4.977s] INFO:colcon.colcon_core.shell:Creating package script '/home/renzofr/Proyecto_silla/wheel_ws/install/silla_ruedas/share/silla_ruedas/package.bash'
[4.978s] INFO:colcon.colcon_core.shell:Creating package script '/home/renzofr/Proyecto_silla/wheel_ws/install/silla_ruedas/share/silla_ruedas/package.zsh'
[4.980s] Level 1:colcon.colcon_core.environment:create_file_with_runtime_dependencies(/home/renzofr/Proyecto_silla/wheel_ws/install/silla_ruedas/share/colcon-core/packages/silla_ruedas)
[4.980s] DEBUG:colcon.colcon_parallel_executor.executor.parallel:closing loop
[4.982s] DEBUG:colcon.colcon_parallel_executor.executor.parallel:loop closed
[4.982s] DEBUG:colcon.colcon_parallel_executor.executor.parallel:run_until_complete finished with '0'
[4.982s] DEBUG:colcon.colcon_core.event_reactor:joining thread
[4.995s] INFO:colcon.colcon_core.plugin_system:Skipping extension 'colcon_notification.desktop_notification.terminal_notifier': Not used on non-Darwin systems
[4.995s] INFO:colcon.colcon_core.plugin_system:Skipping extension 'colcon_notification.desktop_notification.win32': Not used on non-Windows systems
[4.995s] INFO:colcon.colcon_notification.desktop_notification:Sending desktop notification using 'notify2'
[4.995s] DEBUG:colcon.colcon_notification.desktop_notification.notify2:Failed to initialize notify2: org.freedesktop.DBus.Error.AccessDenied: Failed to open socket: Operation not permitted
[4.995s] DEBUG:colcon.colcon_core.event_reactor:joined thread
[4.996s] INFO:colcon.colcon_core.shell:Creating prefix script '/home/renzofr/Proyecto_silla/wheel_ws/install/local_setup.sh'
[4.997s] INFO:colcon.colcon_core.shell:Creating prefix util module '/home/renzofr/Proyecto_silla/wheel_ws/install/_local_setup_util_sh.py'
[4.999s] INFO:colcon.colcon_core.shell:Creating prefix chain script '/home/renzofr/Proyecto_silla/wheel_ws/install/setup.sh'
[5.001s] INFO:colcon.colcon_core.shell:Creating prefix script '/home/renzofr/Proyecto_silla/wheel_ws/install/local_setup.bash'
[5.002s] INFO:colcon.colcon_core.shell:Creating prefix chain script '/home/renzofr/Proyecto_silla/wheel_ws/install/setup.bash'
[5.004s] INFO:colcon.colcon_core.shell:Creating prefix script '/home/renzofr/Proyecto_silla/wheel_ws/install/local_setup.zsh'
[5.005s] INFO:colcon.colcon_core.shell:Creating prefix chain script '/home/renzofr/Proyecto_silla/wheel_ws/install/setup.zsh'
