[2.808s] Invoking command in '/home/renzofr/Proyecto_silla/wheel_ws/build/silla_ruedas': DEBUGINFOD_URLS=https://debuginfod.ubuntu.com PYTHONPATH=/home/renzofr/Proyecto_silla/wheel_ws/build/silla_ruedas/prefix_override:/usr/lib/python3/dist-packages/colcon_core/task/python/colcon_distutils_commands:/home/renzofr/Proyecto_silla/wheel_ws/install/silla_ruedas/lib/python3.12/site-packages:${PYTHONPATH} /usr/bin/python3 -W ignore:setup.py install is deprecated -W ignore:easy_install command is deprecated setup.py develop --editable --build-directory /home/renzofr/Proyecto_silla/wheel_ws/build/silla_ruedas/build --no-deps symlink_data
[3.529s] running develop
[3.981s] running egg_info
[4.019s] writing silla_ruedas.egg-info/PKG-INFO
[4.020s] writing dependency_links to silla_ruedas.egg-info/dependency_links.txt
[4.021s] writing entry points to silla_ruedas.egg-info/entry_points.txt
[4.021s] writing requirements to silla_ruedas.egg-info/requires.txt
[4.021s] writing top-level names to silla_ruedas.egg-info/top_level.txt
[4.116s] reading manifest file 'silla_ruedas.egg-info/SOURCES.txt'
[4.118s] writing manifest file 'silla_ruedas.egg-info/SOURCES.txt'
[4.166s] running build_ext
[4.166s] Creating /home/renzofr/Proyecto_silla/wheel_ws/install/silla_ruedas/lib/python3.12/site-packages/silla-ruedas.egg-link (link to .)
[4.168s] Installing evitar_obstaculos script to /home/renzofr/Proyecto_silla/wheel_ws/install/silla_ruedas/lib/Silla_ruedas
[4.168s] Installing mapeo_autonomo script to /home/renzofr/Proyecto_silla/wheel_ws/install/silla_ruedas/lib/Silla_ruedas
[4.168s] Installing send_goal script to /home/renzofr/Proyecto_silla/wheel_ws/install/silla_ruedas/lib/Silla_ruedas
[4.169s] Installing telemetry_bridge script to /home/renzofr/Proyecto_silla/wheel_ws/install/silla_ruedas/lib/Silla_ruedas
[4.169s] 
[4.169s] Installed /home/renzofr/Proyecto_silla/wheel_ws/build/silla_ruedas
[4.170s] running symlink_data
[4.283s] Invoked command in '/home/renzofr/Proyecto_silla/wheel_ws/build/silla_ruedas' returned '0': DEBUGINFOD_URLS=https://debuginfod.ubuntu.com PYTHONPATH=/home/renzofr/Proyecto_silla/wheel_ws/build/silla_ruedas/prefix_override:/usr/lib/python3/dist-packages/colcon_core/task/python/colcon_distutils_commands:/home/renzofr/Proyecto_silla/wheel_ws/install/silla_ruedas/lib/python3.12/site-packages:${PYTHONPATH} /usr/bin/python3 -W ignore:setup.py install is deprecated -W ignore:easy_install command is deprecated setup.py develop --editable --build-directory /home/renzofr/Proyecto_silla/wheel_ws/build/silla_ruedas/build --no-deps symlink_data
