[0.107s] DEBUG:colcon:Command line arguments: ['/usr/bin/colcon', 'build', '--packages-select', 'silla_ruedas', '--symlink-install']
[0.108s] DEBUG:colcon:Parsed command line arguments: Namespace(log_base=None, log_level=None, verb_name='build', build_base='build', install_base='install', merge_install=False, symlink_install=True, test_result_base=None, continue_on_error=False, executor='parallel', parallel_workers=16, event_handlers=None, ignore_user_meta=False, metas=['./colcon.meta'], base_paths=['.'], packages_ignore=None, packages_ignore_regex=None, paths=None, packages_up_to=None, packages_up_to_regex=None, packages_above=None, packages_above_and_dependencies=None, packages_above_depth=None, packages_select_by_dep=None, packages_skip_by_dep=None, packages_skip_up_to=None, packages_select_build_failed=False, packages_skip_build_finished=False, packages_select_test_failures=False, packages_skip_test_passed=False, packages_select=['silla_ruedas'], packages_skip=None, packages_select_regex=None, packages_skip_regex=None, packages_start=None, packages_end=None, cmake_args=None, cmake_target=None, cmake_target_skip_unavailable=False, cmake_clean_cache=False, cmake_clean_first=False, cmake_force_configure=False, ament_cmake_args=None, catkin_cmake_args=None, catkin_skip_building_tests=False, verb_parser=<colcon_defaults.argument_parser.defaults.DefaultArgumentsDecorator object at 0x72a637015bb0>, verb_extension=<colcon_core.verb.build.BuildVerb object at 0x72a637015880>, main=<bound method BuildVerb.main of <colcon_core.verb.build.BuildVerb object at 0x72a637015880>>)
[0.148s] Level 1:colcon.colcon_core.package_discovery:discover_packages(colcon_meta) check parameters
[0.148s] Level 1:colcon.colcon_core.package_discovery:discover_packages(recursive) check parameters
[0.148s] Level 1:colcon.colcon_core.package_discovery:discover_packages(ignore) check parameters
[0.148s] Level 1:colcon.colcon_core.package_discovery:discover_packages(path) check parameters
[0.148s] Level 1:colcon.colcon_core.package_discovery:discover_packages(colcon_meta) discover
[0.148s] Level 1:colcon.colcon_core.package_discovery:discover_packages(recursive) discover
[0.148s] INFO:colcon.colcon_core.package_discovery:Crawling recursively for packages in '/home/renzofr/Proyecto_silla/wheel_ws'
[0.148s] Level 1:colcon.colcon_core.package_identification:_identify(.) by extensions ['ignore', 'ignore_ament_install']
[0.148s] Level 1:colcon.colcon_core.package_identification:_identify(.) by extension 'ignore'
[0.148s] Level 1:colcon.colcon_core.package_identification:_identify(.) by extension 'ignore_ament_install'
[0.148s] Level 1:colcon.colcon_core.package_identification:_identify(.) by extensions ['colcon_pkg']
[0.148s] Level 1:colcon.colcon_core.package_identification:_identify(.) by extension 'colcon_pkg'
[0.149s] Level 1:colcon.colcon_core.package_identification:_identify(.) by extensions ['colcon_meta']
[0.149s] Level 1:colcon.colcon_core.package_identification:_identify(.) by extension 'colcon_meta'
[0.149s] Level 1:colcon.colcon_core.package_identification:_identify(.) by extensions ['ros']
[0.149s] Level 1:colcon.colcon_core.package_identification:_identify(.) by extension 'ros'
[0.174s] Level 1:colcon.colcon_core.package_identification:_identify(.) by extensions ['cmake', 'python']
[0.174s] Level 1:colcon.colcon_core.package_identification:_identify(.) by extension 'cmake'
[0.174s] Level 1:colcon.colcon_core.package_identification:_identify(.) by extension 'python'
[0.174s] Level 1:colcon.colcon_core.package_identification:_identify(.) by extensions ['python_setup_py']
[0.174s] Level 1:colcon.colcon_core.package_identification:_identify(.) by extension 'python_setup_py'
[0.174s] Level 1:colcon.colcon_core.package_identification:_identify(build) by extensions ['ignore', 'ignore_ament_install']
[0.174s] Level 1:colcon.colcon_core.package_identification:_identify(build) by extension 'ignore'
[0.174s] Level 1:colcon.colcon_core.package_identification:_identify(build) ignored
[0.174s] Level 1:colcon.colcon_core.package_identification:_identify(install) by extensions ['ignore', 'ignore_ament_install']
[0.174s] Level 1:colcon.colcon_core.package_identification:_identify(install) by extension 'ignore'
[0.174s] Level 1:colcon.colcon_core.package_identification:_identify(install) ignored
[0.174s] Level 1:colcon.colcon_core.package_identification:_identify(log) by extensions ['ignore', 'ignore_ament_install']
[0.175s] Level 1:colcon.colcon_core.package_identification:_identify(log) by extension 'ignore'
[0.175s] Level 1:colcon.colcon_core.package_identification:_identify(log) ignored
[0.175s] Level 1:colcon.colcon_core.package_identification:_identify(src) by extensions ['ignore', 'ignore_ament_install']
[0.175s] Level 1:colcon.colcon_core.package_identification:_identify(src) by extension 'ignore'
[0.175s] Level 1:colcon.colcon_core.package_identification:_identify(src) by extension 'ignore_ament_install'
[0.175s] Level 1:colcon.colcon_core.package_identification:_identify(src) by extensions ['colcon_pkg']
[0.175s] Level 1:colcon.colcon_core.package_identification:_identify(src) by extension 'colcon_pkg'
[0.175s] Level 1:colcon.colcon_core.package_identification:_identify(src) by extensions ['colcon_meta']
[0.175s] Level 1:colcon.colcon_core.package_identification:_identify(src) by extension 'colcon_meta'
[0.175s] Level 1:colcon.colcon_core.package_identification:_identify(src) by extensions ['ros']
[0.175s] Level 1:colcon.colcon_core.package_identification:_identify(src) by extension 'ros'
[0.175s] Level 1:colcon.colcon_core.package_identification:_identify(src) by extensions ['cmake', 'python']
[0.175s] Level 1:colcon.colcon_core.package_identification:_identify(src) by extension 'cmake'
[0.175s] Level 1:colcon.colcon_core.package_identification:_identify(src) by extension 'python'
[0.175s] Level 1:colcon.colcon_core.package_identification:_identify(src) by extensions ['python_setup_py']
[0.175s] Level 1:colcon.colcon_core.package_identification:_identify(src) by extension 'python_setup_py'
[0.175s] Level 1:colcon.colcon_core.package_identification:_identify(src/Silla_ruedas) by extensions ['ignore', 'ignore_ament_install']
[0.175s] Level 1:colcon.colcon_core.package_identification:_identify(src/Silla_ruedas) by extension 'ignore'
[0.175s] Level 1:colcon.colcon_core.package_identification:_identify(src/Silla_ruedas) by extension 'ignore_ament_install'
[0.176s] Level 1:colcon.colcon_core.package_identification:_identify(src/Silla_ruedas) by extensions ['colcon_pkg']
[0.176s] Level 1:colcon.colcon_core.package_identification:_identify(src/Silla_ruedas) by extension 'colcon_pkg'
[0.176s] Level 1:colcon.colcon_core.package_identification:_identify(src/Silla_ruedas) by extensions ['colcon_meta']
[0.176s] Level 1:colcon.colcon_core.package_identification:_identify(src/Silla_ruedas) by extension 'colcon_meta'
[0.176s] Level 1:colcon.colcon_core.package_identification:_identify(src/Silla_ruedas) by extensions ['ros']
[0.176s] Level 1:colcon.colcon_core.package_identification:_identify(src/Silla_ruedas) by extension 'ros'
[0.179s] DEBUG:colcon.colcon_core.package_identification:Package 'src/Silla_ruedas' with type 'ros.ament_python' and name 'silla_ruedas'
[0.179s] Level 1:colcon.colcon_core.package_discovery:discover_packages(recursive) using defaults
[0.179s] Level 1:colcon.colcon_core.package_discovery:discover_packages(ignore) discover
[0.179s] Level 1:colcon.colcon_core.package_discovery:discover_packages(ignore) using defaults
[0.179s] Level 1:colcon.colcon_core.package_discovery:discover_packages(path) discover
[0.180s] Level 1:colcon.colcon_core.package_discovery:discover_packages(path) using defaults
[0.197s] Level 5:colcon.colcon_core.verb:set package 'silla_ruedas' build argument 'cmake_args' from command line to 'None'
[0.197s] Level 5:colcon.colcon_core.verb:set package 'silla_ruedas' build argument 'cmake_target' from command line to 'None'
[0.197s] Level 5:colcon.colcon_core.verb:set package 'silla_ruedas' build argument 'cmake_target_skip_unavailable' from command line to 'False'
[0.198s] Level 5:colcon.colcon_core.verb:set package 'silla_ruedas' build argument 'cmake_clean_cache' from command line to 'False'
[0.198s] Level 5:colcon.colcon_core.verb:set package 'silla_ruedas' build argument 'cmake_clean_first' from command line to 'False'
[0.198s] Level 5:colcon.colcon_core.verb:set package 'silla_ruedas' build argument 'cmake_force_configure' from command line to 'False'
[0.198s] Level 5:colcon.colcon_core.verb:set package 'silla_ruedas' build argument 'ament_cmake_args' from command line to 'None'
[0.198s] Level 5:colcon.colcon_core.verb:set package 'silla_ruedas' build argument 'catkin_cmake_args' from command line to 'None'
[0.198s] Level 5:colcon.colcon_core.verb:set package 'silla_ruedas' build argument 'catkin_skip_building_tests' from command line to 'False'
[0.198s] DEBUG:colcon.colcon_core.verb:Building package 'silla_ruedas' with the following arguments: {'ament_cmake_args': None, 'build_base': '/home/renzofr/Proyecto_silla/wheel_ws/build/silla_ruedas', 'catkin_cmake_args': None, 'catkin_skip_building_tests': False, 'cmake_args': None, 'cmake_clean_cache': False, 'cmake_clean_first': False, 'cmake_force_configure': False, 'cmake_target': None, 'cmake_target_skip_unavailable': False, 'install_base': '/home/renzofr/Proyecto_silla/wheel_ws/install/silla_ruedas', 'merge_install': False, 'path': '/home/renzofr/Proyecto_silla/wheel_ws/src/Silla_ruedas', 'symlink_install': True, 'test_result_base': None}
[0.198s] INFO:colcon.colcon_core.executor:Executing jobs using 'parallel' executor
[0.199s] DEBUG:colcon.colcon_parallel_executor.executor.parallel:run_until_complete
[0.200s] INFO:colcon.colcon_ros.task.ament_python.build:Building ROS package in '/home/renzofr/Proyecto_silla/wheel_ws/src/Silla_ruedas' with build type 'ament_python'
[0.200s] Level 1:colcon.colcon_core.shell:create_environment_hook('silla_ruedas', 'ament_prefix_path')
[0.202s] INFO:colcon.colcon_core.plugin_system:Skipping extension 'colcon_core.shell.bat': Not used on non-Windows systems
[0.202s] INFO:colcon.colcon_core.shell:Creating environment descriptor '/home/renzofr/Proyecto_silla/wheel_ws/install/silla_ruedas/share/silla_ruedas/hook/ament_prefix_path.dsv'
[0.203s] INFO:colcon.colcon_core.shell:Creating environment hook '/home/renzofr/Proyecto_silla/wheel_ws/install/silla_ruedas/share/silla_ruedas/hook/ament_prefix_path.sh'
[0.203s] DEBUG:colcon.colcon_core.shell:Skip shell extension 'dsv' for command environment
[0.204s] WARNING:colcon.colcon_core.prefix_path.colcon:The path '/home/renzofr/wheel_ws/install' in the environment variable COLCON_PREFIX_PATH doesn't exist
[0.204s] WARNING:colcon.colcon_ros.prefix_path.ament:The path '/home/renzofr/wheel_ws/install/silla_ruedas' in the environment variable AMENT_PREFIX_PATH doesn't exist
[0.469s] INFO:colcon.colcon_core.task.python.build:Building Python package in '/home/renzofr/Proyecto_silla/wheel_ws/src/Silla_ruedas'
[0.470s] DEBUG:colcon.colcon_core.shell:Skip shell extension 'dsv' for command environment
[1.159s] DEBUG:colcon.colcon_core.task.python.build:Available setuptools commands: install_data, install_egg_info, extract_messages, install_lib, bdist_rpm, bdist, editable_wheel, update_catalog, upload, bdist_dumb, install_scripts, build, build_ext, init_catalog, dist_info, build_scripts, easy_install, build_py, bdist_wheel, egg_info, sdist, install_headers, build_clib, symlink_data, saveopts, check, test, compile_catalog, bdist_egg, develop, alias, register, rotate, clean, install, setopt, upload_docs
[1.561s] DEBUG:colcon.colcon_core.task.python.build:Available setuptools 'develop' options: --no-find-links, --version, --always-unzip, --multi-version, --local-snapshots-ok, --user, --quiet, --install-dir, --egg-path, --install-layout, --no-deps, --force-installation-into-system-dir, --always-copy, --verbose, --dry-run, --find-links, --record, --script-dir, --editable, --uninstall, --site-dirs, --no-user-cfg, --prefix, --build-directory, --allow-hosts, --zip-ok, --help, --exclude-scripts, --index-url, --optimize, --upgrade
[1.568s] DEBUG:colcon.colcon_core.event_handler.log_command:Invoking command in '/home/renzofr/Proyecto_silla/wheel_ws/build/silla_ruedas': DEBUGINFOD_URLS=https://debuginfod.ubuntu.com PYTHONPATH=/home/renzofr/Proyecto_silla/wheel_ws/build/silla_ruedas/prefix_override:/usr/lib/python3/dist-packages/colcon_core/task/python/colcon_distutils_commands:/home/renzofr/Proyecto_silla/wheel_ws/install/silla_ruedas/lib/python3.12/site-packages:${PYTHONPATH} /usr/bin/python3 -W ignore:setup.py install is deprecated -W ignore:easy_install command is deprecated setup.py develop --editable --build-directory /home/renzofr/Proyecto_silla/wheel_ws/build/silla_ruedas/build --no-deps symlink_data
[2.294s] Level 1:colcon.colcon_core.shell:create_environment_hook('silla_ruedas', 'pythonpath_develop')
[2.295s] INFO:colcon.colcon_core.shell:Creating environment descriptor '/home/renzofr/Proyecto_silla/wheel_ws/build/silla_ruedas/share/silla_ruedas/hook/pythonpath_develop.dsv'
[2.295s] DEBUG:colcon.colcon_core.event_handler.log_command:Invoked command in '/home/renzofr/Proyecto_silla/wheel_ws/build/silla_ruedas' returned '0': DEBUGINFOD_URLS=https://debuginfod.ubuntu.com PYTHONPATH=/home/renzofr/Proyecto_silla/wheel_ws/build/silla_ruedas/prefix_override:/usr/lib/python3/dist-packages/colcon_core/task/python/colcon_distutils_commands:/home/renzofr/Proyecto_silla/wheel_ws/install/silla_ruedas/lib/python3.12/site-packages:${PYTHONPATH} /usr/bin/python3 -W ignore:setup.py install is deprecated -W ignore:easy_install command is deprecated setup.py develop --editable --build-directory /home/renzofr/Proyecto_silla/wheel_ws/build/silla_ruedas/build --no-deps symlink_data
[2.296s] INFO:colcon.colcon_core.shell:Creating environment hook '/home/renzofr/Proyecto_silla/wheel_ws/build/silla_ruedas/share/silla_ruedas/hook/pythonpath_develop.sh'
[2.298s] Level 1:colcon.colcon_core.environment:checking '/home/renzofr/Proyecto_silla/wheel_ws/install/silla_ruedas' for CMake module files
[2.298s] Level 1:colcon.colcon_core.environment:checking '/home/renzofr/Proyecto_silla/wheel_ws/install/silla_ruedas' for CMake config files
[2.299s] Level 1:colcon.colcon_core.environment:checking '/home/renzofr/Proyecto_silla/wheel_ws/install/silla_ruedas/lib'
[2.299s] Level 1:colcon.colcon_core.environment:checking '/home/renzofr/Proyecto_silla/wheel_ws/install/silla_ruedas/bin'
[2.299s] Level 1:colcon.colcon_core.environment:checking '/home/renzofr/Proyecto_silla/wheel_ws/install/silla_ruedas/lib/pkgconfig/silla_ruedas.pc'
[2.300s] Level 1:colcon.colcon_core.environment:checking '/home/renzofr/Proyecto_silla/wheel_ws/install/silla_ruedas/lib/python3.12/site-packages'
[2.300s] Level 1:colcon.colcon_core.shell:create_environment_hook('silla_ruedas', 'pythonpath')
[2.300s] INFO:colcon.colcon_core.shell:Creating environment descriptor '/home/renzofr/Proyecto_silla/wheel_ws/install/silla_ruedas/share/silla_ruedas/hook/pythonpath.dsv'
[2.300s] INFO:colcon.colcon_core.shell:Creating environment hook '/home/renzofr/Proyecto_silla/wheel_ws/install/silla_ruedas/share/silla_ruedas/hook/pythonpath.sh'
[2.301s] Level 1:colcon.colcon_core.environment:checking '/home/renzofr/Proyecto_silla/wheel_ws/install/silla_ruedas/bin'
[2.301s] Level 1:colcon.colcon_core.environment:create_environment_scripts_only(silla_ruedas)
[2.301s] INFO:colcon.colcon_core.shell:Creating package descriptor '/home/renzofr/Proyecto_silla/wheel_ws/install/silla_ruedas/share/silla_ruedas/package.dsv'
[2.301s] INFO:colcon.colcon_core.shell:Creating package script '/home/renzofr/Proyecto_silla/wheel_ws/install/silla_ruedas/share/silla_ruedas/package.sh'
[2.302s] INFO:colcon.colcon_core.shell:Creating package script '/home/renzofr/Proyecto_silla/wheel_ws/install/silla_ruedas/share/silla_ruedas/package.bash'
[2.303s] INFO:colcon.colcon_core.shell:Creating package script '/home/renzofr/Proyecto_silla/wheel_ws/install/silla_ruedas/share/silla_ruedas/package.zsh'
[2.303s] Level 1:colcon.colcon_core.environment:create_file_with_runtime_dependencies(/home/renzofr/Proyecto_silla/wheel_ws/install/silla_ruedas/share/colcon-core/packages/silla_ruedas)
[2.303s] DEBUG:colcon.colcon_parallel_executor.executor.parallel:closing loop
[2.304s] DEBUG:colcon.colcon_parallel_executor.executor.parallel:loop closed
[2.304s] DEBUG:colcon.colcon_parallel_executor.executor.parallel:run_until_complete finished with '0'
[2.304s] DEBUG:colcon.colcon_core.event_reactor:joining thread
[2.310s] INFO:colcon.colcon_core.plugin_system:Skipping extension 'colcon_notification.desktop_notification.terminal_notifier': Not used on non-Darwin systems
[2.310s] INFO:colcon.colcon_core.plugin_system:Skipping extension 'colcon_notification.desktop_notification.win32': Not used on non-Windows systems
[2.310s] INFO:colcon.colcon_notification.desktop_notification:Sending desktop notification using 'notify2'
[2.310s] DEBUG:colcon.colcon_notification.desktop_notification.notify2:Failed to initialize notify2: org.freedesktop.DBus.Error.AccessDenied: Failed to open socket: Operation not permitted
[2.311s] DEBUG:colcon.colcon_core.event_reactor:joined thread
[2.311s] INFO:colcon.colcon_core.shell:Creating prefix script '/home/renzofr/Proyecto_silla/wheel_ws/install/local_setup.sh'
[2.312s] INFO:colcon.colcon_core.shell:Creating prefix util module '/home/renzofr/Proyecto_silla/wheel_ws/install/_local_setup_util_sh.py'
[2.313s] INFO:colcon.colcon_core.shell:Creating prefix chain script '/home/renzofr/Proyecto_silla/wheel_ws/install/setup.sh'
[2.314s] INFO:colcon.colcon_core.shell:Creating prefix script '/home/renzofr/Proyecto_silla/wheel_ws/install/local_setup.bash'
[2.315s] INFO:colcon.colcon_core.shell:Creating prefix chain script '/home/renzofr/Proyecto_silla/wheel_ws/install/setup.bash'
[2.316s] INFO:colcon.colcon_core.shell:Creating prefix script '/home/renzofr/Proyecto_silla/wheel_ws/install/local_setup.zsh'
[2.316s] INFO:colcon.colcon_core.shell:Creating prefix chain script '/home/renzofr/Proyecto_silla/wheel_ws/install/setup.zsh'
