[2.041s] Invoking command in '/home/renzofr/Proyecto_silla/wheel_ws/build/silla_ruedas': DEBUGINFOD_URLS=https://debuginfod.ubuntu.com PS1=(venv) \[\e]0;\u@\h: \w\a\]${debian_chroot:+($debian_chroot)}\[\033[01;32m\]\u@\h\[\033[00m\]:\[\033[01;34m\]\w\[\033[00m\]\$ PYTHONPATH=/home/renzofr/Proyecto_silla/wheel_ws/build/silla_ruedas/prefix_override:/usr/lib/python3/dist-packages/colcon_core/task/python/colcon_distutils_commands:/home/renzofr/Proyecto_silla/wheel_ws/install/silla_ruedas/lib/python3.12/site-packages:${PYTHONPATH} VIRTUAL_ENV_PROMPT=(venv) /usr/bin/python3 -W ignore:setup.py install is deprecated -W ignore:easy_install command is deprecated setup.py develop --editable --build-directory /home/renzofr/Proyecto_silla/wheel_ws/build/silla_ruedas/build --no-deps symlink_data
[2.580s] running develop
[2.924s] running egg_info
[2.957s] writing silla_ruedas.egg-info/PKG-INFO
[2.957s] writing dependency_links to silla_ruedas.egg-info/dependency_links.txt
[2.958s] writing entry points to silla_ruedas.egg-info/entry_points.txt
[2.958s] writing requirements to silla_ruedas.egg-info/requires.txt
[2.958s] writing top-level names to silla_ruedas.egg-info/top_level.txt
[3.023s] reading manifest file 'silla_ruedas.egg-info/SOURCES.txt'
[3.025s] writing manifest file 'silla_ruedas.egg-info/SOURCES.txt'
[3.059s] running build_ext
[3.059s] Creating /home/renzofr/Proyecto_silla/wheel_ws/install/silla_ruedas/lib/python3.12/site-packages/silla-ruedas.egg-link (link to .)
[3.060s] Installing evitar_obstaculos script to /home/renzofr/Proyecto_silla/wheel_ws/install/silla_ruedas/lib/silla_ruedas
[3.060s] Installing mapeo_autonomo script to /home/renzofr/Proyecto_silla/wheel_ws/install/silla_ruedas/lib/silla_ruedas
[3.060s] Installing send_goal script to /home/renzofr/Proyecto_silla/wheel_ws/install/silla_ruedas/lib/silla_ruedas
[3.061s] Installing telemetry_bridge script to /home/renzofr/Proyecto_silla/wheel_ws/install/silla_ruedas/lib/silla_ruedas
[3.061s] 
[3.061s] Installed /home/renzofr/Proyecto_silla/wheel_ws/build/silla_ruedas
[3.062s] running symlink_data
[3.105s] Invoked command in '/home/renzofr/Proyecto_silla/wheel_ws/build/silla_ruedas' returned '0': DEBUGINFOD_URLS=https://debuginfod.ubuntu.com PS1=(venv) \[\e]0;\u@\h: \w\a\]${debian_chroot:+($debian_chroot)}\[\033[01;32m\]\u@\h\[\033[00m\]:\[\033[01;34m\]\w\[\033[00m\]\$ PYTHONPATH=/home/renzofr/Proyecto_silla/wheel_ws/build/silla_ruedas/prefix_override:/usr/lib/python3/dist-packages/colcon_core/task/python/colcon_distutils_commands:/home/renzofr/Proyecto_silla/wheel_ws/install/silla_ruedas/lib/python3.12/site-packages:${PYTHONPATH} VIRTUAL_ENV_PROMPT=(venv) /usr/bin/python3 -W ignore:setup.py install is deprecated -W ignore:easy_install command is deprecated setup.py develop --editable --build-directory /home/renzofr/Proyecto_silla/wheel_ws/build/silla_ruedas/build --no-deps symlink_data
