[2.775s] Invoking command in '/home/renzofr/Proyecto_silla/wheel_ws/build/silla_ruedas': DEBUGINFOD_URLS=https://debuginfod.ubuntu.com PYTHONPATH=/home/renzofr/Proyecto_silla/wheel_ws/build/silla_ruedas/prefix_override:/usr/lib/python3/dist-packages/colcon_core/task/python/colcon_distutils_commands:/home/renzofr/Proyecto_silla/wheel_ws/install/silla_ruedas/lib/python3.12/site-packages:${PYTHONPATH} /usr/bin/python3 -W ignore:setup.py install is deprecated -W ignore:easy_install command is deprecated setup.py develop --editable --build-directory /home/renzofr/Proyecto_silla/wheel_ws/build/silla_ruedas/build --no-deps symlink_data
[3.480s] running develop
[3.944s] running egg_info
[3.990s] writing silla_ruedas.egg-info/PKG-INFO
[3.990s] writing dependency_links to silla_ruedas.egg-info/dependency_links.txt
[3.990s] writing entry points to silla_ruedas.egg-info/entry_points.txt
[3.991s] writing requirements to silla_ruedas.egg-info/requires.txt
[3.991s] writing top-level names to silla_ruedas.egg-info/top_level.txt
[4.076s] reading manifest file 'silla_ruedas.egg-info/SOURCES.txt'
[4.078s] writing manifest file 'silla_ruedas.egg-info/SOURCES.txt'
[4.121s] running build_ext
[4.121s] Creating /home/renzofr/Proyecto_silla/wheel_ws/install/silla_ruedas/lib/python3.12/site-packages/silla-ruedas.egg-link (link to .)
[4.122s] Installing evitar_obstaculos script to /home/renzofr/Proyecto_silla/wheel_ws/install/silla_ruedas/lib/Silla_ruedas
[4.123s] Installing mapeo_autonomo script to /home/renzofr/Proyecto_silla/wheel_ws/install/silla_ruedas/lib/Silla_ruedas
[4.123s] Installing send_goal script to /home/renzofr/Proyecto_silla/wheel_ws/install/silla_ruedas/lib/Silla_ruedas
[4.123s] Installing telemetry_bridge script to /home/renzofr/Proyecto_silla/wheel_ws/install/silla_ruedas/lib/Silla_ruedas
[4.124s] 
[4.124s] Installed /home/renzofr/Proyecto_silla/wheel_ws/build/silla_ruedas
[4.124s] running symlink_data
[4.205s] Invoked command in '/home/renzofr/Proyecto_silla/wheel_ws/build/silla_ruedas' returned '0': DEBUGINFOD_URLS=https://debuginfod.ubuntu.com PYTHONPATH=/home/renzofr/Proyecto_silla/wheel_ws/build/silla_ruedas/prefix_override:/usr/lib/python3/dist-packages/colcon_core/task/python/colcon_distutils_commands:/home/renzofr/Proyecto_silla/wheel_ws/install/silla_ruedas/lib/python3.12/site-packages:${PYTHONPATH} /usr/bin/python3 -W ignore:setup.py install is deprecated -W ignore:easy_install command is deprecated setup.py develop --editable --build-directory /home/renzofr/Proyecto_silla/wheel_ws/build/silla_ruedas/build --no-deps symlink_data
