[1.940s] Invoking command in '/home/renzofr/Proyecto_silla/wheel_ws/build/silla_ruedas': DEBUGINFOD_URLS=https://debuginfod.ubuntu.com PYTHONPATH=/home/renzofr/Proyecto_silla/wheel_ws/build/silla_ruedas/prefix_override:/usr/lib/python3/dist-packages/colcon_core/task/python/colcon_distutils_commands:/home/renzofr/Proyecto_silla/wheel_ws/install/silla_ruedas/lib/python3.12/site-packages:${PYTHONPATH} /usr/bin/python3 -W ignore:setup.py install is deprecated -W ignore:easy_install command is deprecated setup.py develop --editable --build-directory /home/renzofr/Proyecto_silla/wheel_ws/build/silla_ruedas/build --no-deps symlink_data
[2.400s] running develop
[2.685s] running egg_info
[2.710s] writing silla_ruedas.egg-info/PKG-INFO
[2.710s] writing dependency_links to silla_ruedas.egg-info/dependency_links.txt
[2.711s] writing entry points to silla_ruedas.egg-info/entry_points.txt
[2.711s] writing requirements to silla_ruedas.egg-info/requires.txt
[2.711s] writing top-level names to silla_ruedas.egg-info/top_level.txt
[2.764s] reading manifest file 'silla_ruedas.egg-info/SOURCES.txt'
[2.765s] writing manifest file 'silla_ruedas.egg-info/SOURCES.txt'
[2.792s] running build_ext
[2.792s] Creating /home/renzofr/Proyecto_silla/wheel_ws/install/silla_ruedas/lib/python3.12/site-packages/silla-ruedas.egg-link (link to .)
[2.793s] Installing evitar_obstaculos script to /home/renzofr/Proyecto_silla/wheel_ws/install/silla_ruedas/lib/silla_ruedas
[2.794s] Installing mapeo_autonomo script to /home/renzofr/Proyecto_silla/wheel_ws/install/silla_ruedas/lib/silla_ruedas
[2.794s] Installing send_goal script to /home/renzofr/Proyecto_silla/wheel_ws/install/silla_ruedas/lib/silla_ruedas
[2.794s] Installing telemetry_bridge script to /home/renzofr/Proyecto_silla/wheel_ws/install/silla_ruedas/lib/silla_ruedas
[2.794s] 
[2.794s] Installed /home/renzofr/Proyecto_silla/wheel_ws/build/silla_ruedas
[2.794s] running symlink_data
[2.879s] Invoked command in '/home/renzofr/Proyecto_silla/wheel_ws/build/silla_ruedas' returned '0': DEBUGINFOD_URLS=https://debuginfod.ubuntu.com PYTHONPATH=/home/renzofr/Proyecto_silla/wheel_ws/build/silla_ruedas/prefix_override:/usr/lib/python3/dist-packages/colcon_core/task/python/colcon_distutils_commands:/home/renzofr/Proyecto_silla/wheel_ws/install/silla_ruedas/lib/python3.12/site-packages:${PYTHONPATH} /usr/bin/python3 -W ignore:setup.py install is deprecated -W ignore:easy_install command is deprecated setup.py develop --editable --build-directory /home/renzofr/Proyecto_silla/wheel_ws/build/silla_ruedas/build --no-deps symlink_data
