[0.087s] DEBUG:colcon:Command line arguments: ['/usr/bin/colcon', 'build', '--symlink-install']
[0.087s] DEBUG:colcon:Parsed command line arguments: Namespace(log_base=None, log_level=None, verb_name='build', build_base='build', install_base='install', merge_install=False, symlink_install=True, test_result_base=None, continue_on_error=False, executor='parallel', parallel_workers=16, event_handlers=None, ignore_user_meta=False, metas=['./colcon.meta'], base_paths=['.'], packages_ignore=None, packages_ignore_regex=None, paths=None, packages_up_to=None, packages_up_to_regex=None, packages_above=None, packages_above_and_dependencies=None, packages_above_depth=None, packages_select_by_dep=None, packages_skip_by_dep=None, packages_skip_up_to=None, packages_select_build_failed=False, packages_skip_build_finished=False, packages_select_test_failures=False, packages_skip_test_passed=False, packages_select=None, packages_skip=None, packages_select_regex=None, packages_skip_regex=None, packages_start=None, packages_end=None, cmake_args=None, cmake_target=None, cmake_target_skip_unavailable=False, cmake_clean_cache=False, cmake_clean_first=False, cmake_force_configure=False, ament_cmake_args=None, catkin_cmake_args=None, catkin_skip_building_tests=False, verb_parser=<colcon_defaults.argument_parser.defaults.DefaultArgumentsDecorator object at 0x725a07a19bb0>, verb_extension=<colcon_core.verb.build.BuildVerb object at 0x725a07a198e0>, main=<bound method BuildVerb.main of <colcon_core.verb.build.BuildVerb object at 0x725a07a198e0>>)
[0.121s] Level 1:colcon.colcon_core.package_discovery:discover_packages(colcon_meta) check parameters
[0.121s] Level 1:colcon.colcon_core.package_discovery:discover_packages(recursive) check parameters
[0.121s] Level 1:colcon.colcon_core.package_discovery:discover_packages(ignore) check parameters
[0.121s] Level 1:colcon.colcon_core.package_discovery:discover_packages(path) check parameters
[0.121s] Level 1:colcon.colcon_core.package_discovery:discover_packages(colcon_meta) discover
[0.121s] Level 1:colcon.colcon_core.package_discovery:discover_packages(recursive) discover
[0.121s] INFO:colcon.colcon_core.package_discovery:Crawling recursively for packages in '/home/renzofr/Proyecto_silla/wheel_ws'
[0.121s] Level 1:colcon.colcon_core.package_identification:_identify(.) by extensions ['ignore', 'ignore_ament_install']
[0.121s] Level 1:colcon.colcon_core.package_identification:_identify(.) by extension 'ignore'
[0.122s] Level 1:colcon.colcon_core.package_identification:_identify(.) by extension 'ignore_ament_install'
[0.122s] Level 1:colcon.colcon_core.package_identification:_identify(.) by extensions ['colcon_pkg']
[0.122s] Level 1:colcon.colcon_core.package_identification:_identify(.) by extension 'colcon_pkg'
[0.122s] Level 1:colcon.colcon_core.package_identification:_identify(.) by extensions ['colcon_meta']
[0.122s] Level 1:colcon.colcon_core.package_identification:_identify(.) by extension 'colcon_meta'
[0.122s] Level 1:colcon.colcon_core.package_identification:_identify(.) by extensions ['ros']
[0.122s] Level 1:colcon.colcon_core.package_identification:_identify(.) by extension 'ros'
[0.143s] Level 1:colcon.colcon_core.package_identification:_identify(.) by extensions ['cmake', 'python']
[0.143s] Level 1:colcon.colcon_core.package_identification:_identify(.) by extension 'cmake'
[0.143s] Level 1:colcon.colcon_core.package_identification:_identify(.) by extension 'python'
[0.143s] Level 1:colcon.colcon_core.package_identification:_identify(.) by extensions ['python_setup_py']
[0.143s] Level 1:colcon.colcon_core.package_identification:_identify(.) by extension 'python_setup_py'
[0.143s] Level 1:colcon.colcon_core.package_identification:_identify(build) by extensions ['ignore', 'ignore_ament_install']
[0.143s] Level 1:colcon.colcon_core.package_identification:_identify(build) by extension 'ignore'
[0.144s] Level 1:colcon.colcon_core.package_identification:_identify(build) ignored
[0.144s] Level 1:colcon.colcon_core.package_identification:_identify(install) by extensions ['ignore', 'ignore_ament_install']
[0.144s] Level 1:colcon.colcon_core.package_identification:_identify(install) by extension 'ignore'
[0.144s] Level 1:colcon.colcon_core.package_identification:_identify(install) ignored
[0.144s] Level 1:colcon.colcon_core.package_identification:_identify(log) by extensions ['ignore', 'ignore_ament_install']
[0.144s] Level 1:colcon.colcon_core.package_identification:_identify(log) by extension 'ignore'
[0.144s] Level 1:colcon.colcon_core.package_identification:_identify(log) ignored
[0.144s] Level 1:colcon.colcon_core.package_identification:_identify(src) by extensions ['ignore', 'ignore_ament_install']
[0.144s] Level 1:colcon.colcon_core.package_identification:_identify(src) by extension 'ignore'
[0.144s] Level 1:colcon.colcon_core.package_identification:_identify(src) by extension 'ignore_ament_install'
[0.144s] Level 1:colcon.colcon_core.package_identification:_identify(src) by extensions ['colcon_pkg']
[0.144s] Level 1:colcon.colcon_core.package_identification:_identify(src) by extension 'colcon_pkg'
[0.144s] Level 1:colcon.colcon_core.package_identification:_identify(src) by extensions ['colcon_meta']
[0.144s] Level 1:colcon.colcon_core.package_identification:_identify(src) by extension 'colcon_meta'
[0.144s] Level 1:colcon.colcon_core.package_identification:_identify(src) by extensions ['ros']
[0.145s] Level 1:colcon.colcon_core.package_identification:_identify(src) by extension 'ros'
[0.145s] Level 1:colcon.colcon_core.package_identification:_identify(src) by extensions ['cmake', 'python']
[0.145s] Level 1:colcon.colcon_core.package_identification:_identify(src) by extension 'cmake'
[0.145s] Level 1:colcon.colcon_core.package_identification:_identify(src) by extension 'python'
[0.145s] Level 1:colcon.colcon_core.package_identification:_identify(src) by extensions ['python_setup_py']
[0.145s] Level 1:colcon.colcon_core.package_identification:_identify(src) by extension 'python_setup_py'
[0.145s] Level 1:colcon.colcon_core.package_identification:_identify(src/Silla_ruedas) by extensions ['ignore', 'ignore_ament_install']
[0.145s] Level 1:colcon.colcon_core.package_identification:_identify(src/Silla_ruedas) by extension 'ignore'
[0.145s] Level 1:colcon.colcon_core.package_identification:_identify(src/Silla_ruedas) by extension 'ignore_ament_install'
[0.145s] Level 1:colcon.colcon_core.package_identification:_identify(src/Silla_ruedas) by extensions ['colcon_pkg']
[0.145s] Level 1:colcon.colcon_core.package_identification:_identify(src/Silla_ruedas) by extension 'colcon_pkg'
[0.145s] Level 1:colcon.colcon_core.package_identification:_identify(src/Silla_ruedas) by extensions ['colcon_meta']
[0.145s] Level 1:colcon.colcon_core.package_identification:_identify(src/Silla_ruedas) by extension 'colcon_meta'
[0.145s] Level 1:colcon.colcon_core.package_identification:_identify(src/Silla_ruedas) by extensions ['ros']
[0.145s] Level 1:colcon.colcon_core.package_identification:_identify(src/Silla_ruedas) by extension 'ros'
[0.148s] DEBUG:colcon.colcon_core.package_identification:Package 'src/Silla_ruedas' with type 'ros.ament_python' and name 'silla_ruedas'
[0.148s] Level 1:colcon.colcon_core.package_discovery:discover_packages(recursive) using defaults
[0.148s] Level 1:colcon.colcon_core.package_discovery:discover_packages(ignore) discover
[0.148s] Level 1:colcon.colcon_core.package_discovery:discover_packages(ignore) using defaults
[0.148s] Level 1:colcon.colcon_core.package_discovery:discover_packages(path) discover
[0.148s] Level 1:colcon.colcon_core.package_discovery:discover_packages(path) using defaults
[0.165s] Level 5:colcon.colcon_core.verb:set package 'silla_ruedas' build argument 'cmake_args' from command line to 'None'
[0.165s] Level 5:colcon.colcon_core.verb:set package 'silla_ruedas' build argument 'cmake_target' from command line to 'None'
[0.165s] Level 5:colcon.colcon_core.verb:set package 'silla_ruedas' build argument 'cmake_target_skip_unavailable' from command line to 'False'
[0.165s] Level 5:colcon.colcon_core.verb:set package 'silla_ruedas' build argument 'cmake_clean_cache' from command line to 'False'
[0.165s] Level 5:colcon.colcon_core.verb:set package 'silla_ruedas' build argument 'cmake_clean_first' from command line to 'False'
[0.165s] Level 5:colcon.colcon_core.verb:set package 'silla_ruedas' build argument 'cmake_force_configure' from command line to 'False'
[0.165s] Level 5:colcon.colcon_core.verb:set package 'silla_ruedas' build argument 'ament_cmake_args' from command line to 'None'
[0.165s] Level 5:colcon.colcon_core.verb:set package 'silla_ruedas' build argument 'catkin_cmake_args' from command line to 'None'
[0.165s] Level 5:colcon.colcon_core.verb:set package 'silla_ruedas' build argument 'catkin_skip_building_tests' from command line to 'False'
[0.165s] DEBUG:colcon.colcon_core.verb:Building package 'silla_ruedas' with the following arguments: {'ament_cmake_args': None, 'build_base': '/home/renzofr/Proyecto_silla/wheel_ws/build/silla_ruedas', 'catkin_cmake_args': None, 'catkin_skip_building_tests': False, 'cmake_args': None, 'cmake_clean_cache': False, 'cmake_clean_first': False, 'cmake_force_configure': False, 'cmake_target': None, 'cmake_target_skip_unavailable': False, 'install_base': '/home/renzofr/Proyecto_silla/wheel_ws/install/silla_ruedas', 'merge_install': False, 'path': '/home/renzofr/Proyecto_silla/wheel_ws/src/Silla_ruedas', 'symlink_install': True, 'test_result_base': None}
[0.165s] INFO:colcon.colcon_core.executor:Executing jobs using 'parallel' executor
[0.167s] DEBUG:colcon.colcon_parallel_executor.executor.parallel:run_until_complete
[0.167s] INFO:colcon.colcon_ros.task.ament_python.build:Building ROS package in '/home/renzofr/Proyecto_silla/wheel_ws/src/Silla_ruedas' with build type 'ament_python'
[0.168s] Level 1:colcon.colcon_core.shell:create_environment_hook('silla_ruedas', 'ament_prefix_path')
[0.169s] INFO:colcon.colcon_core.plugin_system:Skipping extension 'colcon_core.shell.bat': Not used on non-Windows systems
[0.170s] INFO:colcon.colcon_core.shell:Creating environment descriptor '/home/renzofr/Proyecto_silla/wheel_ws/install/silla_ruedas/share/silla_ruedas/hook/ament_prefix_path.dsv'
[0.170s] INFO:colcon.colcon_core.shell:Creating environment hook '/home/renzofr/Proyecto_silla/wheel_ws/install/silla_ruedas/share/silla_ruedas/hook/ament_prefix_path.sh'
[0.171s] DEBUG:colcon.colcon_core.shell:Skip shell extension 'dsv' for command environment
[0.347s] INFO:colcon.colcon_core.task.python.build:Building Python package in '/home/renzofr/Proyecto_silla/wheel_ws/src/Silla_ruedas'
[0.347s] DEBUG:colcon.colcon_core.shell:Skip shell extension 'dsv' for command environment
[0.849s] DEBUG:colcon.colcon_core.task.python.build:Available setuptools commands: editable_wheel, init_catalog, bdist_wheel, register, build_ext, rotate, saveopts, extract_messages, build_scripts, build_clib, install_headers, compile_catalog, install_scripts, build, check, clean, update_catalog, install_data, upload_docs, setopt, upload, develop, dist_info, egg_info, build_py, bdist_dumb, install_lib, easy_install, install, bdist_rpm, bdist, test, alias, sdist, symlink_data, install_egg_info, bdist_egg
[1.122s] DEBUG:colcon.colcon_core.task.python.build:Available setuptools 'develop' options: --help, --record, --local-snapshots-ok, --upgrade, --multi-version, --no-deps, --verbose, --editable, --install-layout, --force-installation-into-system-dir, --user, --no-find-links, --install-dir, --egg-path, --always-copy, --allow-hosts, --prefix, --zip-ok, --index-url, --find-links, --build-directory, --uninstall, --quiet, --version, --always-unzip, --dry-run, --optimize, --script-dir, --site-dirs, --exclude-scripts, --no-user-cfg
[1.126s] DEBUG:colcon.colcon_core.event_handler.log_command:Invoking command in '/home/renzofr/Proyecto_silla/wheel_ws/build/silla_ruedas': DEBUGINFOD_URLS=https://debuginfod.ubuntu.com PYTHONPATH=/home/renzofr/Proyecto_silla/wheel_ws/build/silla_ruedas/prefix_override:/usr/lib/python3/dist-packages/colcon_core/task/python/colcon_distutils_commands:/home/renzofr/Proyecto_silla/wheel_ws/install/silla_ruedas/lib/python3.12/site-packages:${PYTHONPATH} /usr/bin/python3 -W ignore:setup.py install is deprecated -W ignore:easy_install command is deprecated setup.py develop --editable --build-directory /home/renzofr/Proyecto_silla/wheel_ws/build/silla_ruedas/build --no-deps symlink_data
[1.670s] Level 1:colcon.colcon_core.shell:create_environment_hook('silla_ruedas', 'pythonpath_develop')
[1.670s] INFO:colcon.colcon_core.shell:Creating environment descriptor '/home/renzofr/Proyecto_silla/wheel_ws/build/silla_ruedas/share/silla_ruedas/hook/pythonpath_develop.dsv'
[1.670s] DEBUG:colcon.colcon_core.event_handler.log_command:Invoked command in '/home/renzofr/Proyecto_silla/wheel_ws/build/silla_ruedas' returned '0': DEBUGINFOD_URLS=https://debuginfod.ubuntu.com PYTHONPATH=/home/renzofr/Proyecto_silla/wheel_ws/build/silla_ruedas/prefix_override:/usr/lib/python3/dist-packages/colcon_core/task/python/colcon_distutils_commands:/home/renzofr/Proyecto_silla/wheel_ws/install/silla_ruedas/lib/python3.12/site-packages:${PYTHONPATH} /usr/bin/python3 -W ignore:setup.py install is deprecated -W ignore:easy_install command is deprecated setup.py develop --editable --build-directory /home/renzofr/Proyecto_silla/wheel_ws/build/silla_ruedas/build --no-deps symlink_data
[1.671s] INFO:colcon.colcon_core.shell:Creating environment hook '/home/renzofr/Proyecto_silla/wheel_ws/build/silla_ruedas/share/silla_ruedas/hook/pythonpath_develop.sh'
[1.673s] Level 1:colcon.colcon_core.environment:checking '/home/renzofr/Proyecto_silla/wheel_ws/install/silla_ruedas' for CMake module files
[1.674s] Level 1:colcon.colcon_core.environment:checking '/home/renzofr/Proyecto_silla/wheel_ws/install/silla_ruedas' for CMake config files
[1.675s] Level 1:colcon.colcon_core.environment:checking '/home/renzofr/Proyecto_silla/wheel_ws/install/silla_ruedas/lib'
[1.675s] Level 1:colcon.colcon_core.environment:checking '/home/renzofr/Proyecto_silla/wheel_ws/install/silla_ruedas/bin'
[1.675s] Level 1:colcon.colcon_core.environment:checking '/home/renzofr/Proyecto_silla/wheel_ws/install/silla_ruedas/lib/pkgconfig/silla_ruedas.pc'
[1.675s] Level 1:colcon.colcon_core.environment:checking '/home/renzofr/Proyecto_silla/wheel_ws/install/silla_ruedas/lib/python3.12/site-packages'
[1.675s] Level 1:colcon.colcon_core.shell:create_environment_hook('silla_ruedas', 'pythonpath')
[1.675s] INFO:colcon.colcon_core.shell:Creating environment descriptor '/home/renzofr/Proyecto_silla/wheel_ws/install/silla_ruedas/share/silla_ruedas/hook/pythonpath.dsv'
[1.676s] INFO:colcon.colcon_core.shell:Creating environment hook '/home/renzofr/Proyecto_silla/wheel_ws/install/silla_ruedas/share/silla_ruedas/hook/pythonpath.sh'
[1.676s] Level 1:colcon.colcon_core.environment:checking '/home/renzofr/Proyecto_silla/wheel_ws/install/silla_ruedas/bin'
[1.676s] Level 1:colcon.colcon_core.environment:create_environment_scripts_only(silla_ruedas)
[1.676s] INFO:colcon.colcon_core.shell:Creating package descriptor '/home/renzofr/Proyecto_silla/wheel_ws/install/silla_ruedas/share/silla_ruedas/package.dsv'
[1.677s] INFO:colcon.colcon_core.shell:Creating package script '/home/renzofr/Proyecto_silla/wheel_ws/install/silla_ruedas/share/silla_ruedas/package.sh'
[1.677s] INFO:colcon.colcon_core.shell:Creating package script '/home/renzofr/Proyecto_silla/wheel_ws/install/silla_ruedas/share/silla_ruedas/package.bash'
[1.678s] INFO:colcon.colcon_core.shell:Creating package script '/home/renzofr/Proyecto_silla/wheel_ws/install/silla_ruedas/share/silla_ruedas/package.zsh'
[1.678s] Level 1:colcon.colcon_core.environment:create_file_with_runtime_dependencies(/home/renzofr/Proyecto_silla/wheel_ws/install/silla_ruedas/share/colcon-core/packages/silla_ruedas)
[1.679s] DEBUG:colcon.colcon_parallel_executor.executor.parallel:closing loop
[1.679s] DEBUG:colcon.colcon_parallel_executor.executor.parallel:loop closed
[1.679s] DEBUG:colcon.colcon_parallel_executor.executor.parallel:run_until_complete finished with '0'
[1.679s] DEBUG:colcon.colcon_core.event_reactor:joining thread
[1.683s] INFO:colcon.colcon_core.plugin_system:Skipping extension 'colcon_notification.desktop_notification.terminal_notifier': Not used on non-Darwin systems
[1.683s] INFO:colcon.colcon_core.plugin_system:Skipping extension 'colcon_notification.desktop_notification.win32': Not used on non-Windows systems
[1.683s] INFO:colcon.colcon_notification.desktop_notification:Sending desktop notification using 'notify2'
[1.694s] DEBUG:colcon.colcon_core.event_reactor:joined thread
[1.695s] INFO:colcon.colcon_core.shell:Creating prefix script '/home/renzofr/Proyecto_silla/wheel_ws/install/local_setup.sh'
[1.695s] INFO:colcon.colcon_core.shell:Creating prefix util module '/home/renzofr/Proyecto_silla/wheel_ws/install/_local_setup_util_sh.py'
[1.696s] INFO:colcon.colcon_core.shell:Creating prefix chain script '/home/renzofr/Proyecto_silla/wheel_ws/install/setup.sh'
[1.697s] INFO:colcon.colcon_core.shell:Creating prefix script '/home/renzofr/Proyecto_silla/wheel_ws/install/local_setup.bash'
[1.698s] INFO:colcon.colcon_core.shell:Creating prefix chain script '/home/renzofr/Proyecto_silla/wheel_ws/install/setup.bash'
[1.698s] INFO:colcon.colcon_core.shell:Creating prefix script '/home/renzofr/Proyecto_silla/wheel_ws/install/local_setup.zsh'
[1.699s] INFO:colcon.colcon_core.shell:Creating prefix chain script '/home/renzofr/Proyecto_silla/wheel_ws/install/setup.zsh'
