[0.159s] DEBUG:colcon:Command line arguments: ['/usr/bin/colcon', 'build', '--packages-select', 'silla_ruedas', '--symlink-install']
[0.159s] DEBUG:colcon:Parsed command line arguments: Namespace(log_base=None, log_level=None, verb_name='build', build_base='build', install_base='install', merge_install=False, symlink_install=True, test_result_base=None, continue_on_error=False, executor='parallel', parallel_workers=16, event_handlers=None, ignore_user_meta=False, metas=['./colcon.meta'], base_paths=['.'], packages_ignore=None, packages_ignore_regex=None, paths=None, packages_up_to=None, packages_up_to_regex=None, packages_above=None, packages_above_and_dependencies=None, packages_above_depth=None, packages_select_by_dep=None, packages_skip_by_dep=None, packages_skip_up_to=None, packages_select_build_failed=False, packages_skip_build_finished=False, packages_select_test_failures=False, packages_skip_test_passed=False, packages_select=['silla_ruedas'], packages_skip=None, packages_select_regex=None, packages_skip_regex=None, packages_start=None, packages_end=None, cmake_args=None, cmake_target=None, cmake_target_skip_unavailable=False, cmake_clean_cache=False, cmake_clean_first=False, cmake_force_configure=False, ament_cmake_args=None, catkin_cmake_args=None, catkin_skip_building_tests=False, verb_parser=<colcon_defaults.argument_parser.defaults.DefaultArgumentsDecorator object at 0x785e597195b0>, verb_extension=<colcon_core.verb.build.BuildVerb object at 0x785e5a3f7530>, main=<bound method BuildVerb.main of <colcon_core.verb.build.BuildVerb object at 0x785e5a3f7530>>)
[0.222s] Level 1:colcon.colcon_core.package_discovery:discover_packages(colcon_meta) check parameters
[0.222s] Level 1:colcon.colcon_core.package_discovery:discover_packages(recursive) check parameters
[0.223s] Level 1:colcon.colcon_core.package_discovery:discover_packages(ignore) check parameters
[0.223s] Level 1:colcon.colcon_core.package_discovery:discover_packages(path) check parameters
[0.223s] Level 1:colcon.colcon_core.package_discovery:discover_packages(colcon_meta) discover
[0.223s] Level 1:colcon.colcon_core.package_discovery:discover_packages(recursive) discover
[0.223s] INFO:colcon.colcon_core.package_discovery:Crawling recursively for packages in '/home/renzofr/Proyecto_silla/wheel_ws'
[0.223s] Level 1:colcon.colcon_core.package_identification:_identify(.) by extensions ['ignore', 'ignore_ament_install']
[0.223s] Level 1:colcon.colcon_core.package_identification:_identify(.) by extension 'ignore'
[0.223s] Level 1:colcon.colcon_core.package_identification:_identify(.) by extension 'ignore_ament_install'
[0.223s] Level 1:colcon.colcon_core.package_identification:_identify(.) by extensions ['colcon_pkg']
[0.224s] Level 1:colcon.colcon_core.package_identification:_identify(.) by extension 'colcon_pkg'
[0.224s] Level 1:colcon.colcon_core.package_identification:_identify(.) by extensions ['colcon_meta']
[0.224s] Level 1:colcon.colcon_core.package_identification:_identify(.) by extension 'colcon_meta'
[0.224s] Level 1:colcon.colcon_core.package_identification:_identify(.) by extensions ['ros']
[0.224s] Level 1:colcon.colcon_core.package_identification:_identify(.) by extension 'ros'
[0.264s] Level 1:colcon.colcon_core.package_identification:_identify(.) by extensions ['cmake', 'python']
[0.265s] Level 1:colcon.colcon_core.package_identification:_identify(.) by extension 'cmake'
[0.265s] Level 1:colcon.colcon_core.package_identification:_identify(.) by extension 'python'
[0.265s] Level 1:colcon.colcon_core.package_identification:_identify(.) by extensions ['python_setup_py']
[0.265s] Level 1:colcon.colcon_core.package_identification:_identify(.) by extension 'python_setup_py'
[0.265s] Level 1:colcon.colcon_core.package_identification:_identify(build) by extensions ['ignore', 'ignore_ament_install']
[0.265s] Level 1:colcon.colcon_core.package_identification:_identify(build) by extension 'ignore'
[0.265s] Level 1:colcon.colcon_core.package_identification:_identify(build) ignored
[0.265s] Level 1:colcon.colcon_core.package_identification:_identify(install) by extensions ['ignore', 'ignore_ament_install']
[0.266s] Level 1:colcon.colcon_core.package_identification:_identify(install) by extension 'ignore'
[0.266s] Level 1:colcon.colcon_core.package_identification:_identify(install) ignored
[0.266s] Level 1:colcon.colcon_core.package_identification:_identify(log) by extensions ['ignore', 'ignore_ament_install']
[0.266s] Level 1:colcon.colcon_core.package_identification:_identify(log) by extension 'ignore'
[0.266s] Level 1:colcon.colcon_core.package_identification:_identify(log) ignored
[0.266s] Level 1:colcon.colcon_core.package_identification:_identify(src) by extensions ['ignore', 'ignore_ament_install']
[0.267s] Level 1:colcon.colcon_core.package_identification:_identify(src) by extension 'ignore'
[0.267s] Level 1:colcon.colcon_core.package_identification:_identify(src) by extension 'ignore_ament_install'
[0.267s] Level 1:colcon.colcon_core.package_identification:_identify(src) by extensions ['colcon_pkg']
[0.267s] Level 1:colcon.colcon_core.package_identification:_identify(src) by extension 'colcon_pkg'
[0.267s] Level 1:colcon.colcon_core.package_identification:_identify(src) by extensions ['colcon_meta']
[0.267s] Level 1:colcon.colcon_core.package_identification:_identify(src) by extension 'colcon_meta'
[0.267s] Level 1:colcon.colcon_core.package_identification:_identify(src) by extensions ['ros']
[0.267s] Level 1:colcon.colcon_core.package_identification:_identify(src) by extension 'ros'
[0.267s] Level 1:colcon.colcon_core.package_identification:_identify(src) by extensions ['cmake', 'python']
[0.267s] Level 1:colcon.colcon_core.package_identification:_identify(src) by extension 'cmake'
[0.267s] Level 1:colcon.colcon_core.package_identification:_identify(src) by extension 'python'
[0.267s] Level 1:colcon.colcon_core.package_identification:_identify(src) by extensions ['python_setup_py']
[0.267s] Level 1:colcon.colcon_core.package_identification:_identify(src) by extension 'python_setup_py'
[0.268s] Level 1:colcon.colcon_core.package_identification:_identify(src/Silla_ruedas) by extensions ['ignore', 'ignore_ament_install']
[0.268s] Level 1:colcon.colcon_core.package_identification:_identify(src/Silla_ruedas) by extension 'ignore'
[0.268s] Level 1:colcon.colcon_core.package_identification:_identify(src/Silla_ruedas) by extension 'ignore_ament_install'
[0.268s] Level 1:colcon.colcon_core.package_identification:_identify(src/Silla_ruedas) by extensions ['colcon_pkg']
[0.268s] Level 1:colcon.colcon_core.package_identification:_identify(src/Silla_ruedas) by extension 'colcon_pkg'
[0.268s] Level 1:colcon.colcon_core.package_identification:_identify(src/Silla_ruedas) by extensions ['colcon_meta']
[0.268s] Level 1:colcon.colcon_core.package_identification:_identify(src/Silla_ruedas) by extension 'colcon_meta'
[0.268s] Level 1:colcon.colcon_core.package_identification:_identify(src/Silla_ruedas) by extensions ['ros']
[0.268s] Level 1:colcon.colcon_core.package_identification:_identify(src/Silla_ruedas) by extension 'ros'
[0.273s] DEBUG:colcon.colcon_core.package_identification:Package 'src/Silla_ruedas' with type 'ros.ament_python' and name 'silla_ruedas'
[0.273s] Level 1:colcon.colcon_core.package_discovery:discover_packages(recursive) using defaults
[0.273s] Level 1:colcon.colcon_core.package_discovery:discover_packages(ignore) discover
[0.273s] Level 1:colcon.colcon_core.package_discovery:discover_packages(ignore) using defaults
[0.273s] Level 1:colcon.colcon_core.package_discovery:discover_packages(path) discover
[0.273s] Level 1:colcon.colcon_core.package_discovery:discover_packages(path) using defaults
[0.302s] Level 5:colcon.colcon_core.verb:set package 'silla_ruedas' build argument 'cmake_args' from command line to 'None'
[0.302s] Level 5:colcon.colcon_core.verb:set package 'silla_ruedas' build argument 'cmake_target' from command line to 'None'
[0.302s] Level 5:colcon.colcon_core.verb:set package 'silla_ruedas' build argument 'cmake_target_skip_unavailable' from command line to 'False'
[0.302s] Level 5:colcon.colcon_core.verb:set package 'silla_ruedas' build argument 'cmake_clean_cache' from command line to 'False'
[0.302s] Level 5:colcon.colcon_core.verb:set package 'silla_ruedas' build argument 'cmake_clean_first' from command line to 'False'
[0.302s] Level 5:colcon.colcon_core.verb:set package 'silla_ruedas' build argument 'cmake_force_configure' from command line to 'False'
[0.302s] Level 5:colcon.colcon_core.verb:set package 'silla_ruedas' build argument 'ament_cmake_args' from command line to 'None'
[0.302s] Level 5:colcon.colcon_core.verb:set package 'silla_ruedas' build argument 'catkin_cmake_args' from command line to 'None'
[0.302s] Level 5:colcon.colcon_core.verb:set package 'silla_ruedas' build argument 'catkin_skip_building_tests' from command line to 'False'
[0.302s] DEBUG:colcon.colcon_core.verb:Building package 'silla_ruedas' with the following arguments: {'ament_cmake_args': None, 'build_base': '/home/renzofr/Proyecto_silla/wheel_ws/build/silla_ruedas', 'catkin_cmake_args': None, 'catkin_skip_building_tests': False, 'cmake_args': None, 'cmake_clean_cache': False, 'cmake_clean_first': False, 'cmake_force_configure': False, 'cmake_target': None, 'cmake_target_skip_unavailable': False, 'install_base': '/home/renzofr/Proyecto_silla/wheel_ws/install/silla_ruedas', 'merge_install': False, 'path': '/home/renzofr/Proyecto_silla/wheel_ws/src/Silla_ruedas', 'symlink_install': True, 'test_result_base': None}
[0.302s] INFO:colcon.colcon_core.executor:Executing jobs using 'parallel' executor
[0.304s] DEBUG:colcon.colcon_parallel_executor.executor.parallel:run_until_complete
[0.305s] INFO:colcon.colcon_ros.task.ament_python.build:Building ROS package in '/home/renzofr/Proyecto_silla/wheel_ws/src/Silla_ruedas' with build type 'ament_python'
[0.305s] Level 1:colcon.colcon_core.shell:create_environment_hook('silla_ruedas', 'ament_prefix_path')
[0.308s] INFO:colcon.colcon_core.plugin_system:Skipping extension 'colcon_core.shell.bat': Not used on non-Windows systems
[0.308s] INFO:colcon.colcon_core.shell:Creating environment descriptor '/home/renzofr/Proyecto_silla/wheel_ws/install/silla_ruedas/share/silla_ruedas/hook/ament_prefix_path.dsv'
[0.310s] INFO:colcon.colcon_core.shell:Creating environment hook '/home/renzofr/Proyecto_silla/wheel_ws/install/silla_ruedas/share/silla_ruedas/hook/ament_prefix_path.sh'
[0.311s] DEBUG:colcon.colcon_core.shell:Skip shell extension 'dsv' for command environment
[0.696s] INFO:colcon.colcon_core.task.python.build:Building Python package in '/home/renzofr/Proyecto_silla/wheel_ws/src/Silla_ruedas'
[0.696s] DEBUG:colcon.colcon_core.shell:Skip shell extension 'dsv' for command environment
[1.773s] DEBUG:colcon.colcon_core.task.python.build:Available setuptools commands: upload, build_clib, test, install_lib, update_catalog, bdist, editable_wheel, saveopts, build_ext, develop, setopt, check, install_headers, clean, init_catalog, build_py, alias, easy_install, bdist_dumb, install_egg_info, build_scripts, symlink_data, bdist_rpm, upload_docs, bdist_egg, rotate, build, dist_info, bdist_wheel, egg_info, install_scripts, register, install_data, sdist, compile_catalog, install, extract_messages
[2.340s] DEBUG:colcon.colcon_core.task.python.build:Available setuptools 'develop' options: --index-url, --multi-version, --script-dir, --local-snapshots-ok, --allow-hosts, --install-layout, --force-installation-into-system-dir, --user, --uninstall, --prefix, --quiet, --exclude-scripts, --egg-path, --no-find-links, --build-directory, --site-dirs, --find-links, --record, --always-copy, --always-unzip, --optimize, --verbose, --editable, --no-deps, --zip-ok, --help, --version, --no-user-cfg, --dry-run, --install-dir, --upgrade
[2.347s] DEBUG:colcon.colcon_core.event_handler.log_command:Invoking command in '/home/renzofr/Proyecto_silla/wheel_ws/build/silla_ruedas': DEBUGINFOD_URLS=https://debuginfod.ubuntu.com PS1=(venv) \[\e]0;\u@\h: \w\a\]${debian_chroot:+($debian_chroot)}\[\033[01;32m\]\u@\h\[\033[00m\]:\[\033[01;34m\]\w\[\033[00m\]\$ PYTHONPATH=/home/renzofr/Proyecto_silla/wheel_ws/build/silla_ruedas/prefix_override:/usr/lib/python3/dist-packages/colcon_core/task/python/colcon_distutils_commands:/home/renzofr/Proyecto_silla/wheel_ws/install/silla_ruedas/lib/python3.12/site-packages:${PYTHONPATH} VIRTUAL_ENV_PROMPT=(venv) /usr/bin/python3 -W ignore:setup.py install is deprecated -W ignore:easy_install command is deprecated setup.py develop --editable --build-directory /home/renzofr/Proyecto_silla/wheel_ws/build/silla_ruedas/build --no-deps symlink_data
[3.409s] Level 1:colcon.colcon_core.shell:create_environment_hook('silla_ruedas', 'pythonpath_develop')
[3.409s] INFO:colcon.colcon_core.shell:Creating environment descriptor '/home/renzofr/Proyecto_silla/wheel_ws/build/silla_ruedas/share/silla_ruedas/hook/pythonpath_develop.dsv'
[3.411s] DEBUG:colcon.colcon_core.event_handler.log_command:Invoked command in '/home/renzofr/Proyecto_silla/wheel_ws/build/silla_ruedas' returned '0': DEBUGINFOD_URLS=https://debuginfod.ubuntu.com PS1=(venv) \[\e]0;\u@\h: \w\a\]${debian_chroot:+($debian_chroot)}\[\033[01;32m\]\u@\h\[\033[00m\]:\[\033[01;34m\]\w\[\033[00m\]\$ PYTHONPATH=/home/renzofr/Proyecto_silla/wheel_ws/build/silla_ruedas/prefix_override:/usr/lib/python3/dist-packages/colcon_core/task/python/colcon_distutils_commands:/home/renzofr/Proyecto_silla/wheel_ws/install/silla_ruedas/lib/python3.12/site-packages:${PYTHONPATH} VIRTUAL_ENV_PROMPT=(venv) /usr/bin/python3 -W ignore:setup.py install is deprecated -W ignore:easy_install command is deprecated setup.py develop --editable --build-directory /home/renzofr/Proyecto_silla/wheel_ws/build/silla_ruedas/build --no-deps symlink_data
[3.411s] INFO:colcon.colcon_core.shell:Creating environment hook '/home/renzofr/Proyecto_silla/wheel_ws/build/silla_ruedas/share/silla_ruedas/hook/pythonpath_develop.sh'
[3.415s] Level 1:colcon.colcon_core.environment:checking '/home/renzofr/Proyecto_silla/wheel_ws/install/silla_ruedas' for CMake module files
[3.416s] Level 1:colcon.colcon_core.environment:checking '/home/renzofr/Proyecto_silla/wheel_ws/install/silla_ruedas' for CMake config files
[3.418s] Level 1:colcon.colcon_core.environment:checking '/home/renzofr/Proyecto_silla/wheel_ws/install/silla_ruedas/lib'
[3.418s] Level 1:colcon.colcon_core.environment:checking '/home/renzofr/Proyecto_silla/wheel_ws/install/silla_ruedas/bin'
[3.418s] Level 1:colcon.colcon_core.environment:checking '/home/renzofr/Proyecto_silla/wheel_ws/install/silla_ruedas/lib/pkgconfig/silla_ruedas.pc'
[3.419s] Level 1:colcon.colcon_core.environment:checking '/home/renzofr/Proyecto_silla/wheel_ws/install/silla_ruedas/lib/python3.12/site-packages'
[3.419s] Level 1:colcon.colcon_core.shell:create_environment_hook('silla_ruedas', 'pythonpath')
[3.419s] INFO:colcon.colcon_core.shell:Creating environment descriptor '/home/renzofr/Proyecto_silla/wheel_ws/install/silla_ruedas/share/silla_ruedas/hook/pythonpath.dsv'
[3.420s] INFO:colcon.colcon_core.shell:Creating environment hook '/home/renzofr/Proyecto_silla/wheel_ws/install/silla_ruedas/share/silla_ruedas/hook/pythonpath.sh'
[3.421s] Level 1:colcon.colcon_core.environment:checking '/home/renzofr/Proyecto_silla/wheel_ws/install/silla_ruedas/bin'
[3.421s] Level 1:colcon.colcon_core.environment:create_environment_scripts_only(silla_ruedas)
[3.421s] INFO:colcon.colcon_core.shell:Creating package descriptor '/home/renzofr/Proyecto_silla/wheel_ws/install/silla_ruedas/share/silla_ruedas/package.dsv'
[3.422s] INFO:colcon.colcon_core.shell:Creating package script '/home/renzofr/Proyecto_silla/wheel_ws/install/silla_ruedas/share/silla_ruedas/package.sh'
[3.423s] INFO:colcon.colcon_core.shell:Creating package script '/home/renzofr/Proyecto_silla/wheel_ws/install/silla_ruedas/share/silla_ruedas/package.bash'
[3.425s] INFO:colcon.colcon_core.shell:Creating package script '/home/renzofr/Proyecto_silla/wheel_ws/install/silla_ruedas/share/silla_ruedas/package.zsh'
[3.425s] Level 1:colcon.colcon_core.environment:create_file_with_runtime_dependencies(/home/renzofr/Proyecto_silla/wheel_ws/install/silla_ruedas/share/colcon-core/packages/silla_ruedas)
[3.426s] DEBUG:colcon.colcon_parallel_executor.executor.parallel:closing loop
[3.427s] DEBUG:colcon.colcon_parallel_executor.executor.parallel:loop closed
[3.427s] DEBUG:colcon.colcon_parallel_executor.executor.parallel:run_until_complete finished with '0'
[3.427s] DEBUG:colcon.colcon_core.event_reactor:joining thread
[3.435s] INFO:colcon.colcon_core.plugin_system:Skipping extension 'colcon_notification.desktop_notification.terminal_notifier': Not used on non-Darwin systems
[3.436s] INFO:colcon.colcon_core.plugin_system:Skipping extension 'colcon_notification.desktop_notification.win32': Not used on non-Windows systems
[3.436s] INFO:colcon.colcon_notification.desktop_notification:Sending desktop notification using 'notify2'
[3.456s] DEBUG:colcon.colcon_core.event_reactor:joined thread
[3.457s] INFO:colcon.colcon_core.shell:Creating prefix script '/home/renzofr/Proyecto_silla/wheel_ws/install/local_setup.sh'
[3.458s] INFO:colcon.colcon_core.shell:Creating prefix util module '/home/renzofr/Proyecto_silla/wheel_ws/install/_local_setup_util_sh.py'
[3.460s] INFO:colcon.colcon_core.shell:Creating prefix chain script '/home/renzofr/Proyecto_silla/wheel_ws/install/setup.sh'
[3.461s] INFO:colcon.colcon_core.shell:Creating prefix script '/home/renzofr/Proyecto_silla/wheel_ws/install/local_setup.bash'
[3.462s] INFO:colcon.colcon_core.shell:Creating prefix chain script '/home/renzofr/Proyecto_silla/wheel_ws/install/setup.bash'
[3.464s] INFO:colcon.colcon_core.shell:Creating prefix script '/home/renzofr/Proyecto_silla/wheel_ws/install/local_setup.zsh'
[3.464s] INFO:colcon.colcon_core.shell:Creating prefix chain script '/home/renzofr/Proyecto_silla/wheel_ws/install/setup.zsh'
