running develop
running egg_info
creating silla_ruedas.egg-info
writing silla_ruedas.egg-info/PKG-INFO
writing dependency_links to silla_ruedas.egg-info/dependency_links.txt
writing entry points to silla_ruedas.egg-info/entry_points.txt
writing requirements to silla_ruedas.egg-info/requires.txt
writing top-level names to silla_ruedas.egg-info/top_level.txt
writing manifest file 'silla_ruedas.egg-info/SOURCES.txt'
reading manifest file 'silla_ruedas.egg-info/SOURCES.txt'
writing manifest file 'silla_ruedas.egg-info/SOURCES.txt'
running build_ext
Creating /home/renzofr/Proyecto_silla/wheel_ws/install/silla_ruedas/lib/python3.12/site-packages/silla-ruedas.egg-link (link to .)
Installing evitar_obstaculos script to /home/renzofr/Proyecto_silla/wheel_ws/install/silla_ruedas/lib/silla_ruedas
Installing mapeo_autonomo script to /home/renzofr/Proyecto_silla/wheel_ws/install/silla_ruedas/lib/silla_ruedas
Installing send_goal script to /home/renzofr/Proyecto_silla/wheel_ws/install/silla_ruedas/lib/silla_ruedas
Installing telemetry_bridge script to /home/renzofr/Proyecto_silla/wheel_ws/install/silla_ruedas/lib/silla_ruedas

Installed /home/renzofr/Proyecto_silla/wheel_ws/build/silla_ruedas
running symlink_data
creating /home/renzofr/Proyecto_silla/wheel_ws/install/silla_ruedas/share/ament_index
creating /home/renzofr/Proyecto_silla/wheel_ws/install/silla_ruedas/share/ament_index/resource_index
creating /home/renzofr/Proyecto_silla/wheel_ws/install/silla_ruedas/share/ament_index/resource_index/packages
symbolically linking /home/renzofr/Proyecto_silla/wheel_ws/build/silla_ruedas/resource/silla_ruedas -> /home/renzofr/Proyecto_silla/wheel_ws/install/silla_ruedas/share/ament_index/resource_index/packages
symbolically linking /home/renzofr/Proyecto_silla/wheel_ws/build/silla_ruedas/package.xml -> /home/renzofr/Proyecto_silla/wheel_ws/install/silla_ruedas/share/silla_ruedas
creating /home/renzofr/Proyecto_silla/wheel_ws/install/silla_ruedas/share/silla_ruedas/launch
symbolically linking /home/renzofr/Proyecto_silla/wheel_ws/build/silla_ruedas/launch/gazebo.launch.py -> /home/renzofr/Proyecto_silla/wheel_ws/install/silla_ruedas/share/silla_ruedas/launch
symbolically linking /home/renzofr/Proyecto_silla/wheel_ws/build/silla_ruedas/launch/joystick.launch.py -> /home/renzofr/Proyecto_silla/wheel_ws/install/silla_ruedas/share/silla_ruedas/launch
symbolically linking /home/renzofr/Proyecto_silla/wheel_ws/build/silla_ruedas/launch/nav2.launch.py -> /home/renzofr/Proyecto_silla/wheel_ws/install/silla_ruedas/share/silla_ruedas/launch
symbolically linking /home/renzofr/Proyecto_silla/wheel_ws/build/silla_ruedas/launch/slam.launch.py -> /home/renzofr/Proyecto_silla/wheel_ws/install/silla_ruedas/share/silla_ruedas/launch
symbolically linking /home/renzofr/Proyecto_silla/wheel_ws/build/silla_ruedas/launch/display.launch.py -> /home/renzofr/Proyecto_silla/wheel_ws/install/silla_ruedas/share/silla_ruedas/launch
creating /home/renzofr/Proyecto_silla/wheel_ws/install/silla_ruedas/share/silla_ruedas/urdf
symbolically linking /home/renzofr/Proyecto_silla/wheel_ws/build/silla_ruedas/urdf/silla_ruedas.csv -> /home/renzofr/Proyecto_silla/wheel_ws/install/silla_ruedas/share/silla_ruedas/urdf
symbolically linking /home/renzofr/Proyecto_silla/wheel_ws/build/silla_ruedas/urdf/silla_ruedas.urdf -> /home/renzofr/Proyecto_silla/wheel_ws/install/silla_ruedas/share/silla_ruedas/urdf
creating /home/renzofr/Proyecto_silla/wheel_ws/install/silla_ruedas/share/silla_ruedas/meshes
symbolically linking /home/renzofr/Proyecto_silla/wheel_ws/build/silla_ruedas/meshes/base_rueda_izq_link.STL -> /home/renzofr/Proyecto_silla/wheel_ws/install/silla_ruedas/share/silla_ruedas/meshes
symbolically linking /home/renzofr/Proyecto_silla/wheel_ws/build/silla_ruedas/meshes/base_rueda_der_link.STL -> /home/renzofr/Proyecto_silla/wheel_ws/install/silla_ruedas/share/silla_ruedas/meshes
symbolically linking /home/renzofr/Proyecto_silla/wheel_ws/build/silla_ruedas/meshes/rueda_izquierda_link.STL -> /home/renzofr/Proyecto_silla/wheel_ws/install/silla_ruedas/share/silla_ruedas/meshes
symbolically linking /home/renzofr/Proyecto_silla/wheel_ws/build/silla_ruedas/meshes/rueda_derecha_link.STL -> /home/renzofr/Proyecto_silla/wheel_ws/install/silla_ruedas/share/silla_ruedas/meshes
symbolically linking /home/renzofr/Proyecto_silla/wheel_ws/build/silla_ruedas/meshes/pantalla_ui.png -> /home/renzofr/Proyecto_silla/wheel_ws/install/silla_ruedas/share/silla_ruedas/meshes
symbolically linking /home/renzofr/Proyecto_silla/wheel_ws/build/silla_ruedas/meshes/rueda_izq_link.STL -> /home/renzofr/Proyecto_silla/wheel_ws/install/silla_ruedas/share/silla_ruedas/meshes
symbolically linking /home/renzofr/Proyecto_silla/wheel_ws/build/silla_ruedas/meshes/rueda_der_link.STL -> /home/renzofr/Proyecto_silla/wheel_ws/install/silla_ruedas/share/silla_ruedas/meshes
symbolically linking /home/renzofr/Proyecto_silla/wheel_ws/build/silla_ruedas/meshes/base_link.STL -> /home/renzofr/Proyecto_silla/wheel_ws/install/silla_ruedas/share/silla_ruedas/meshes
creating /home/renzofr/Proyecto_silla/wheel_ws/install/silla_ruedas/share/silla_ruedas/worlds
symbolically linking /home/renzofr/Proyecto_silla/wheel_ws/build/silla_ruedas/worlds/world.sdf -> /home/renzofr/Proyecto_silla/wheel_ws/install/silla_ruedas/share/silla_ruedas/worlds
creating /home/renzofr/Proyecto_silla/wheel_ws/install/silla_ruedas/share/silla_ruedas/config
symbolically linking /home/renzofr/Proyecto_silla/wheel_ws/build/silla_ruedas/config/nav2_params.yaml -> /home/renzofr/Proyecto_silla/wheel_ws/install/silla_ruedas/share/silla_ruedas/config
symbolically linking /home/renzofr/Proyecto_silla/wheel_ws/build/silla_ruedas/config/nav2_params.yaml.bak -> /home/renzofr/Proyecto_silla/wheel_ws/install/silla_ruedas/share/silla_ruedas/config
symbolically linking /home/renzofr/Proyecto_silla/wheel_ws/build/silla_ruedas/config/slam_toolbox_params.yaml -> /home/renzofr/Proyecto_silla/wheel_ws/install/silla_ruedas/share/silla_ruedas/config
symbolically linking /home/renzofr/Proyecto_silla/wheel_ws/build/silla_ruedas/config/habitaciones.yaml -> /home/renzofr/Proyecto_silla/wheel_ws/install/silla_ruedas/share/silla_ruedas/config
symbolically linking /home/renzofr/Proyecto_silla/wheel_ws/build/silla_ruedas/config/default.rviz -> /home/renzofr/Proyecto_silla/wheel_ws/install/silla_ruedas/share/silla_ruedas/config
symbolically linking /home/renzofr/Proyecto_silla/wheel_ws/build/silla_ruedas/config/joystick.yaml -> /home/renzofr/Proyecto_silla/wheel_ws/install/silla_ruedas/share/silla_ruedas/config
symbolically linking /home/renzofr/Proyecto_silla/wheel_ws/build/silla_ruedas/config/bridge_config.yaml -> /home/renzofr/Proyecto_silla/wheel_ws/install/silla_ruedas/share/silla_ruedas/config
creating /home/renzofr/Proyecto_silla/wheel_ws/install/silla_ruedas/share/silla_ruedas/maps
symbolically linking /home/renzofr/Proyecto_silla/wheel_ws/build/silla_ruedas/maps/mapa.pgm -> /home/renzofr/Proyecto_silla/wheel_ws/install/silla_ruedas/share/silla_ruedas/maps
symbolically linking /home/renzofr/Proyecto_silla/wheel_ws/build/silla_ruedas/maps/habitaciones.yaml -> /home/renzofr/Proyecto_silla/wheel_ws/install/silla_ruedas/share/silla_ruedas/maps
symbolically linking /home/renzofr/Proyecto_silla/wheel_ws/build/silla_ruedas/maps/mapa.yaml -> /home/renzofr/Proyecto_silla/wheel_ws/install/silla_ruedas/share/silla_ruedas/maps
