[0.969s] Invoking command in '/home/renzofr/Proyecto_silla/wheel_ws/build/silla_ruedas': DEBUGINFOD_URLS=https://debuginfod.ubuntu.com PYTHONPATH=/home/renzofr/Proyecto_silla/wheel_ws/build/silla_ruedas/prefix_override:/usr/lib/python3/dist-packages/colcon_core/task/python/colcon_distutils_commands:/home/renzofr/Proyecto_silla/wheel_ws/install/silla_ruedas/lib/python3.12/site-packages:${PYTHONPATH} /usr/bin/python3 -W ignore:setup.py install is deprecated -W ignore:easy_install command is deprecated setup.py develop --editable --build-directory /home/renzofr/Proyecto_silla/wheel_ws/build/silla_ruedas/build --no-deps symlink_data
[1.236s] running develop
[1.411s] running egg_info
[1.411s] creating silla_ruedas.egg-info
[1.427s] writing silla_ruedas.egg-info/PKG-INFO
[1.427s] writing dependency_links to silla_ruedas.egg-info/dependency_links.txt
[1.428s] writing entry points to silla_ruedas.egg-info/entry_points.txt
[1.428s] writing requirements to silla_ruedas.egg-info/requires.txt
[1.428s] writing top-level names to silla_ruedas.egg-info/top_level.txt
[1.428s] writing manifest file 'silla_ruedas.egg-info/SOURCES.txt'
[1.461s] reading manifest file 'silla_ruedas.egg-info/SOURCES.txt'
[1.462s] writing manifest file 'silla_ruedas.egg-info/SOURCES.txt'
[1.479s] running build_ext
[1.479s] Creating /home/renzofr/Proyecto_silla/wheel_ws/install/silla_ruedas/lib/python3.12/site-packages/silla-ruedas.egg-link (link to .)
[1.480s] Installing evitar_obstaculos script to /home/renzofr/Proyecto_silla/wheel_ws/install/silla_ruedas/lib/silla_ruedas
[1.480s] Installing mapeo_autonomo script to /home/renzofr/Proyecto_silla/wheel_ws/install/silla_ruedas/lib/silla_ruedas
[1.480s] Installing send_goal script to /home/renzofr/Proyecto_silla/wheel_ws/install/silla_ruedas/lib/silla_ruedas
[1.480s] Installing telemetry_bridge script to /home/renzofr/Proyecto_silla/wheel_ws/install/silla_ruedas/lib/silla_ruedas
[1.480s] 
[1.480s] Installed /home/renzofr/Proyecto_silla/wheel_ws/build/silla_ruedas
[1.481s] running symlink_data
[1.481s] creating /home/renzofr/Proyecto_silla/wheel_ws/install/silla_ruedas/share/ament_index
[1.481s] creating /home/renzofr/Proyecto_silla/wheel_ws/install/silla_ruedas/share/ament_index/resource_index
[1.481s] creating /home/renzofr/Proyecto_silla/wheel_ws/install/silla_ruedas/share/ament_index/resource_index/packages
[1.481s] symbolically linking /home/renzofr/Proyecto_silla/wheel_ws/build/silla_ruedas/resource/silla_ruedas -> /home/renzofr/Proyecto_silla/wheel_ws/install/silla_ruedas/share/ament_index/resource_index/packages
[1.481s] symbolically linking /home/renzofr/Proyecto_silla/wheel_ws/build/silla_ruedas/package.xml -> /home/renzofr/Proyecto_silla/wheel_ws/install/silla_ruedas/share/silla_ruedas
[1.481s] creating /home/renzofr/Proyecto_silla/wheel_ws/install/silla_ruedas/share/silla_ruedas/launch
[1.481s] symbolically linking /home/renzofr/Proyecto_silla/wheel_ws/build/silla_ruedas/launch/gazebo.launch.py -> /home/renzofr/Proyecto_silla/wheel_ws/install/silla_ruedas/share/silla_ruedas/launch
[1.481s] symbolically linking /home/renzofr/Proyecto_silla/wheel_ws/build/silla_ruedas/launch/joystick.launch.py -> /home/renzofr/Proyecto_silla/wheel_ws/install/silla_ruedas/share/silla_ruedas/launch
[1.481s] symbolically linking /home/renzofr/Proyecto_silla/wheel_ws/build/silla_ruedas/launch/nav2.launch.py -> /home/renzofr/Proyecto_silla/wheel_ws/install/silla_ruedas/share/silla_ruedas/launch
[1.481s] symbolically linking /home/renzofr/Proyecto_silla/wheel_ws/build/silla_ruedas/launch/slam.launch.py -> /home/renzofr/Proyecto_silla/wheel_ws/install/silla_ruedas/share/silla_ruedas/launch
[1.481s] symbolically linking /home/renzofr/Proyecto_silla/wheel_ws/build/silla_ruedas/launch/display.launch.py -> /home/renzofr/Proyecto_silla/wheel_ws/install/silla_ruedas/share/silla_ruedas/launch
[1.481s] creating /home/renzofr/Proyecto_silla/wheel_ws/install/silla_ruedas/share/silla_ruedas/urdf
[1.481s] symbolically linking /home/renzofr/Proyecto_silla/wheel_ws/build/silla_ruedas/urdf/silla_ruedas.csv -> /home/renzofr/Proyecto_silla/wheel_ws/install/silla_ruedas/share/silla_ruedas/urdf
[1.482s] symbolically linking /home/renzofr/Proyecto_silla/wheel_ws/build/silla_ruedas/urdf/silla_ruedas.urdf -> /home/renzofr/Proyecto_silla/wheel_ws/install/silla_ruedas/share/silla_ruedas/urdf
[1.482s] creating /home/renzofr/Proyecto_silla/wheel_ws/install/silla_ruedas/share/silla_ruedas/meshes
[1.482s] symbolically linking /home/renzofr/Proyecto_silla/wheel_ws/build/silla_ruedas/meshes/base_rueda_izq_link.STL -> /home/renzofr/Proyecto_silla/wheel_ws/install/silla_ruedas/share/silla_ruedas/meshes
[1.482s] symbolically linking /home/renzofr/Proyecto_silla/wheel_ws/build/silla_ruedas/meshes/base_rueda_der_link.STL -> /home/renzofr/Proyecto_silla/wheel_ws/install/silla_ruedas/share/silla_ruedas/meshes
[1.482s] symbolically linking /home/renzofr/Proyecto_silla/wheel_ws/build/silla_ruedas/meshes/rueda_izquierda_link.STL -> /home/renzofr/Proyecto_silla/wheel_ws/install/silla_ruedas/share/silla_ruedas/meshes
[1.482s] symbolically linking /home/renzofr/Proyecto_silla/wheel_ws/build/silla_ruedas/meshes/rueda_derecha_link.STL -> /home/renzofr/Proyecto_silla/wheel_ws/install/silla_ruedas/share/silla_ruedas/meshes
[1.482s] symbolically linking /home/renzofr/Proyecto_silla/wheel_ws/build/silla_ruedas/meshes/pantalla_ui.png -> /home/renzofr/Proyecto_silla/wheel_ws/install/silla_ruedas/share/silla_ruedas/meshes
[1.482s] symbolically linking /home/renzofr/Proyecto_silla/wheel_ws/build/silla_ruedas/meshes/rueda_izq_link.STL -> /home/renzofr/Proyecto_silla/wheel_ws/install/silla_ruedas/share/silla_ruedas/meshes
[1.482s] symbolically linking /home/renzofr/Proyecto_silla/wheel_ws/build/silla_ruedas/meshes/rueda_der_link.STL -> /home/renzofr/Proyecto_silla/wheel_ws/install/silla_ruedas/share/silla_ruedas/meshes
[1.482s] symbolically linking /home/renzofr/Proyecto_silla/wheel_ws/build/silla_ruedas/meshes/base_link.STL -> /home/renzofr/Proyecto_silla/wheel_ws/install/silla_ruedas/share/silla_ruedas/meshes
[1.482s] creating /home/renzofr/Proyecto_silla/wheel_ws/install/silla_ruedas/share/silla_ruedas/worlds
[1.482s] symbolically linking /home/renzofr/Proyecto_silla/wheel_ws/build/silla_ruedas/worlds/world.sdf -> /home/renzofr/Proyecto_silla/wheel_ws/install/silla_ruedas/share/silla_ruedas/worlds
[1.482s] creating /home/renzofr/Proyecto_silla/wheel_ws/install/silla_ruedas/share/silla_ruedas/config
[1.482s] symbolically linking /home/renzofr/Proyecto_silla/wheel_ws/build/silla_ruedas/config/nav2_params.yaml -> /home/renzofr/Proyecto_silla/wheel_ws/install/silla_ruedas/share/silla_ruedas/config
[1.483s] symbolically linking /home/renzofr/Proyecto_silla/wheel_ws/build/silla_ruedas/config/nav2_params.yaml.bak -> /home/renzofr/Proyecto_silla/wheel_ws/install/silla_ruedas/share/silla_ruedas/config
[1.483s] symbolically linking /home/renzofr/Proyecto_silla/wheel_ws/build/silla_ruedas/config/slam_toolbox_params.yaml -> /home/renzofr/Proyecto_silla/wheel_ws/install/silla_ruedas/share/silla_ruedas/config
[1.483s] symbolically linking /home/renzofr/Proyecto_silla/wheel_ws/build/silla_ruedas/config/habitaciones.yaml -> /home/renzofr/Proyecto_silla/wheel_ws/install/silla_ruedas/share/silla_ruedas/config
[1.483s] symbolically linking /home/renzofr/Proyecto_silla/wheel_ws/build/silla_ruedas/config/default.rviz -> /home/renzofr/Proyecto_silla/wheel_ws/install/silla_ruedas/share/silla_ruedas/config
[1.483s] symbolically linking /home/renzofr/Proyecto_silla/wheel_ws/build/silla_ruedas/config/joystick.yaml -> /home/renzofr/Proyecto_silla/wheel_ws/install/silla_ruedas/share/silla_ruedas/config
[1.483s] symbolically linking /home/renzofr/Proyecto_silla/wheel_ws/build/silla_ruedas/config/bridge_config.yaml -> /home/renzofr/Proyecto_silla/wheel_ws/install/silla_ruedas/share/silla_ruedas/config
[1.483s] creating /home/renzofr/Proyecto_silla/wheel_ws/install/silla_ruedas/share/silla_ruedas/maps
[1.483s] symbolically linking /home/renzofr/Proyecto_silla/wheel_ws/build/silla_ruedas/maps/mapa.pgm -> /home/renzofr/Proyecto_silla/wheel_ws/install/silla_ruedas/share/silla_ruedas/maps
[1.483s] symbolically linking /home/renzofr/Proyecto_silla/wheel_ws/build/silla_ruedas/maps/habitaciones.yaml -> /home/renzofr/Proyecto_silla/wheel_ws/install/silla_ruedas/share/silla_ruedas/maps
[1.483s] symbolically linking /home/renzofr/Proyecto_silla/wheel_ws/build/silla_ruedas/maps/mapa.yaml -> /home/renzofr/Proyecto_silla/wheel_ws/install/silla_ruedas/share/silla_ruedas/maps
[1.512s] Invoked command in '/home/renzofr/Proyecto_silla/wheel_ws/build/silla_ruedas' returned '0': DEBUGINFOD_URLS=https://debuginfod.ubuntu.com PYTHONPATH=/home/renzofr/Proyecto_silla/wheel_ws/build/silla_ruedas/prefix_override:/usr/lib/python3/dist-packages/colcon_core/task/python/colcon_distutils_commands:/home/renzofr/Proyecto_silla/wheel_ws/install/silla_ruedas/lib/python3.12/site-packages:${PYTHONPATH} /usr/bin/python3 -W ignore:setup.py install is deprecated -W ignore:easy_install command is deprecated setup.py develop --editable --build-directory /home/renzofr/Proyecto_silla/wheel_ws/build/silla_ruedas/build --no-deps symlink_data
